Component: ARM Compiler 5.06 update 6 (build 750) Tool: armlink [4d35ed]

==============================================================================

Section Cross References

    blinky_timer_interrupt.o(i.Basic_Timer_Init) refers to system_stm32f4xx.o(.data) for SystemCoreClock
    blinky_timer_interrupt.o(i.Delay) refers to blinky_timer_interrupt.o(.data) for msTicks
    blinky_timer_interrupt.o(i.SysTick_Handler) refers to blinky_timer_interrupt.o(.data) for msTicks
    blinky_timer_interrupt.o(i.SystemClock_Config) refers to stm32f4xx_hal_rcc.o(i.HAL_RCC_OscConfig) for HAL_RCC_OscConfig
    blinky_timer_interrupt.o(i.SystemClock_Config) refers to stm32f4xx_hal_rcc.o(i.HAL_RCC_ClockConfig) for HAL_RCC_ClockConfig
    blinky_timer_interrupt.o(i.TIM2_IRQHandler) refers to adc.o(i.ADC_StartCnv) for ADC_StartCnv
    blinky_timer_interrupt.o(i.TIM2_IRQHandler) refers to adc.o(i.ADC_GetVal) for ADC_GetVal
    blinky_timer_interrupt.o(i.TIM2_IRQHandler) refers to blinky_timer_interrupt.o(.bss) for TIM2_Handle
    blinky_timer_interrupt.o(i.TIM2_IRQHandler) refers to blinky_timer_interrupt.o(.data) for adcVal
    blinky_timer_interrupt.o(i.Timer_Interrupt_Init) refers to stm32f4xx_hal_tim.o(i.HAL_TIM_Base_Init) for HAL_TIM_Base_Init
    blinky_timer_interrupt.o(i.Timer_Interrupt_Init) refers to stm32f4xx_hal_tim.o(i.HAL_TIM_Base_Start_IT) for HAL_TIM_Base_Start_IT
    blinky_timer_interrupt.o(i.Timer_Interrupt_Init) refers to stm32f4xx_hal_cortex.o(i.HAL_NVIC_SetPriority) for HAL_NVIC_SetPriority
    blinky_timer_interrupt.o(i.Timer_Interrupt_Init) refers to stm32f4xx_hal_cortex.o(i.HAL_NVIC_EnableIRQ) for HAL_NVIC_EnableIRQ
    blinky_timer_interrupt.o(i.Timer_Interrupt_Init) refers to blinky_timer_interrupt.o(.bss) for TIM2_Handle
    blinky_timer_interrupt.o(i.main) refers to _printf_percent.o(.ARM.Collect$$_printf_percent$$00000000) for _printf_percent
    blinky_timer_interrupt.o(i.main) refers to _printf_f.o(.ARM.Collect$$_printf_percent$$00000003) for _printf_f
    blinky_timer_interrupt.o(i.main) refers to printf1.o(x$fpl$printf1) for _printf_fp_dec
    blinky_timer_interrupt.o(i.main) refers to _printf_d.o(.ARM.Collect$$_printf_percent$$00000009) for _printf_d
    blinky_timer_interrupt.o(i.main) refers to _printf_dec.o(.text) for _printf_int_dec
    blinky_timer_interrupt.o(i.main) refers to blinky_timer_interrupt.o(i.SystemClock_Config) for SystemClock_Config
    blinky_timer_interrupt.o(i.main) refers to system_stm32f4xx.o(i.SystemCoreClockUpdate) for SystemCoreClockUpdate
    blinky_timer_interrupt.o(i.main) refers to stm32f4xx_hal.o(i.HAL_Init) for HAL_Init
    blinky_timer_interrupt.o(i.main) refers to blinky_timer_interrupt.o(i.LED_Init_1) for LED_Init_1
    blinky_timer_interrupt.o(i.main) refers to blinky_timer_interrupt.o(i.Basic_Timer_Init) for Basic_Timer_Init
    blinky_timer_interrupt.o(i.main) refers to adc.o(i.ADC_Init) for ADC_Init
    blinky_timer_interrupt.o(i.main) refers to blinky_timer_interrupt.o(i.Timer_Interrupt_Init) for Timer_Interrupt_Init
    blinky_timer_interrupt.o(i.main) refers to blinky_timer_interrupt.o(i.Delay) for Delay
    blinky_timer_interrupt.o(i.main) refers to dflt_clz.o(x$fpl$dfltu) for __aeabi_ui2d
    blinky_timer_interrupt.o(i.main) refers to ddiv.o(x$fpl$ddiv) for __aeabi_ddiv
    blinky_timer_interrupt.o(i.main) refers to daddsub_clz.o(x$fpl$dsub) for __aeabi_dsub
    blinky_timer_interrupt.o(i.main) refers to d2f.o(x$fpl$d2f) for __aeabi_d2f
    blinky_timer_interrupt.o(i.main) refers to f2d.o(x$fpl$f2d) for __aeabi_f2d
    blinky_timer_interrupt.o(i.main) refers to noretval__2printf.o(.text) for __2printf
    blinky_timer_interrupt.o(i.main) refers to dmul.o(x$fpl$dmul) for __aeabi_dmul
    blinky_timer_interrupt.o(i.main) refers to log.o(i.__hardfp_log) for __hardfp_log
    blinky_timer_interrupt.o(i.main) refers to daddsub_clz.o(x$fpl$dadd) for __aeabi_dadd
    blinky_timer_interrupt.o(i.main) refers to dleqf.o(x$fpl$dleqf) for __aeabi_cdcmple
    blinky_timer_interrupt.o(i.main) refers to blinky_timer_interrupt.o(i.Soft_Delay) for Soft_Delay
    blinky_timer_interrupt.o(i.main) refers to drleqf.o(x$fpl$drleqf) for __aeabi_cdrcmple
    blinky_timer_interrupt.o(i.main) refers to blinky_timer_interrupt.o(.data) for adcVal
    retarget_io.o(i.ITM_ReceiveChar) refers to retarget_io.o(.data) for ITM_RxBuffer
    retarget_io.o(i._sys_open) refers to strcmpv7m.o(.text) for strcmp
    retarget_io.o(i._sys_read) refers to retarget_io.o(i.stdin_getchar) for stdin_getchar
    retarget_io.o(i._sys_write) refers to retarget_io.o(i.stdout_putchar) for stdout_putchar
    retarget_io.o(i.stdin_getchar) refers to retarget_io.o(i.ITM_ReceiveChar) for ITM_ReceiveChar
    retarget_io.o(i.stdout_putchar) refers to retarget_io.o(i.ITM_SendChar) for ITM_SendChar
    stm32f4xx_hal.o(i.HAL_DeInit) refers to stm32f4xx_hal.o(i.HAL_MspDeInit) for HAL_MspDeInit
[...]
    .ARM.Collect$$libshutdown$$00000003      0x08000232   Section        4  libshutdown2.o(.ARM.Collect$$libshutdown$$00000003)
    .ARM.Collect$$libshutdown$$00000004      0x08000236   Section        0  libshutdown2.o(.ARM.Collect$$libshutdown$$00000004)
    .ARM.Collect$$libshutdown$$00000007      0x08000236   Section        0  libshutdown2.o(.ARM.Collect$$libshutdown$$00000007)
    .ARM.Collect$$libshutdown$$0000000A      0x08000236   Section        0  libshutdown2.o(.ARM.Collect$$libshutdown$$0000000A)
    .ARM.Collect$$libshutdown$$0000000C      0x08000236   Section        0  libshutdown2.o(.ARM.Collect$$libshutdown$$0000000C)
    .ARM.Collect$$libshutdown$$0000000F      0x08000236   Section        0  libshutdown2.o(.ARM.Collect$$libshutdown$$0000000F)
    .ARM.Collect$$libshutdown$$00000010      0x08000236   Section        2  libshutdown2.o(.ARM.Collect$$libshutdown$$00000010)
    .ARM.Collect$$rtentry$$00000000          0x08000238   Section        0  __rtentry.o(.ARM.Collect$$rtentry$$00000000)
    .ARM.Collect$$rtentry$$00000002          0x08000238   Section        0  __rtentry2.o(.ARM.Collect$$rtentry$$00000002)
    .ARM.Collect$$rtentry$$00000004          0x08000238   Section        6  __rtentry4.o(.ARM.Collect$$rtentry$$00000004)
    .ARM.Collect$$rtentry$$00000009          0x0800023e   Section        0  __rtentry2.o(.ARM.Collect$$rtentry$$00000009)
    .ARM.Collect$$rtentry$$0000000A          0x0800023e   Section        4  __rtentry2.o(.ARM.Collect$$rtentry$$0000000A)
    .ARM.Collect$$rtentry$$0000000C          0x08000242   Section        0  __rtentry2.o(.ARM.Collect$$rtentry$$0000000C)
    .ARM.Collect$$rtentry$$0000000D          0x08000242   Section        8  __rtentry2.o(.ARM.Collect$$rtentry$$0000000D)
    .ARM.Collect$$rtexit$$00000000           0x0800024a   Section        2  rtexit.o(.ARM.Collect$$rtexit$$00000000)
    .ARM.Collect$$rtexit$$00000002           0x0800024c   Section        0  rtexit2.o(.ARM.Collect$$rtexit$$00000002)
    .ARM.Collect$$rtexit$$00000003           0x0800024c   Section        4  rtexit2.o(.ARM.Collect$$rtexit$$00000003)
    .ARM.Collect$$rtexit$$00000004           0x08000250   Section        6  rtexit2.o(.ARM.Collect$$rtexit$$00000004)
    .emb_text                                0x08000258   Section        0  maybetermalloc1.o(.emb_text)
    .text                                    0x08000258   Section       64  startup_stm32f407xx.o(.text)
    $v0                                      0x08000258   Number         0  startup_stm32f407xx.o(.text)
    .text                                    0x08000298   Section      238  lludivv7m.o(.text)
    .text                                    0x08000388   Section        0  noretval__2printf.o(.text)
    .text                                    0x080003a0   Section        0  __printf.o(.text)
    .text                                    0x08000408   Section        0  _printf_dec.o(.text)
    .text                                    0x08000480   Section      128  strcmpv7m.o(.text)
    .text                                    0x08000500   Section        0  heapauxi.o(.text)
    .text                                    0x08000506   Section        0  _rserrno.o(.text)
    .text                                    0x0800051c   Section        0  _printf_intcommon.o(.text)
    .text                                    0x080005ce   Section        0  _printf_fp_dec.o(.text)
    _fp_digits                               0x080005d1   Thumb Code   432  _printf_fp_dec.o(.text)
    .text                                    0x080009ec   Section        0  _printf_char_file.o(.text)
    .text                                    0x08000a10   Section        8  rt_locale_intlibspace.o(.text)
    .text                                    0x08000a18   Section        8  rt_errno_addr_intlibspace.o(.text)
    .text                                    0x08000a20   Section      138  lludiv10.o(.text)
    .text                                    0x08000aac   Section        0  _printf_char_common.o(.text)
    _printf_input_char                       0x08000aad   Thumb Code    10  _printf_char_common.o(.text)
    .text                                    0x08000adc   Section        0  _printf_fp_infnan.o(.text)
    .text                                    0x08000b5c   Section        0  bigflt0.o(.text)
    .text                                    0x08000c40   Section        0  ferror.o(.text)
    .text                                    0x08000c48   Section        0  initio.o(.text)
    .text                                    0x08000d80   Section        8  libspace.o(.text)
    .text                                    0x08000d88   Section       74  sys_stackheap_outer.o(.text)
    .text                                    0x08000dd2   Section        0  h1_free.o(.text)
    .text                                    0x08000e20   Section        0  flsbuf.o(.text)
    .text                                    0x08000ff6   Section        0  setvbuf.o(.text)
    .text                                    0x0800103c   Section        0  fopen.o(.text)
    _freopen_locked                          0x0800103d   Thumb Code     0  fopen.o(.text)
    .text                                    0x08001128   Section        0  fclose.o(.text)
    .text                                    0x08001174   Section        0  exit.o(.text)
    .text                                    0x08001186   Section        0  defsig_rtred_outer.o(.text)
    .text                                    0x08001194   Section       78  rt_memclr_w.o(.text)
    .text                                    0x080011e4   Section        8  rt_heap_descriptor_intlibspace.o(.text)
    .text                                    0x080011ec   Section        0  hguard.o(.text)
    .text                                    0x080011f0   Section        0  init_alloc.o(.text)
    .text                                    0x0800127a   Section        0  h1_alloc.o(.text)
    .text                                    0x080012d8   Section        0  fseek.o(.text)
    .text                                    0x080013d0   Section        0  stdio.o(.text)
    .text                                    0x080014c0   Section        0  defsig_exit.o(.text)
    .text                                    0x080014cc   Section        0  defsig_rtred_inner.o(.text)
    .text                                    0x08001500   Section        0  sys_exit.o(.text)
    .text                                    0x0800150c   Section        0  h1_init.o(.text)
    .text                                    0x0800151a   Section        0  h1_extend.o(.text)
    .text                                    0x0800154e   Section        0  ftell.o(.text)
    .text                                    0x08001590   Section        0  defsig_general.o(.text)
    .text                                    0x080015c2   Section        0  defsig_rtmem_outer.o(.text)
    .text                                    0x080015d0   Section        0  sys_wrch.o(.text)
    .text                                    0x080015de   Section        2  use_no_semi.o(.text)
    .text                                    0x080015e0   Section        0  indicate_semi.o(.text)
    .text                                    0x080015e0   Section        0  defsig_rtmem_inner.o(.text)
    CL$$btod_d2e                             0x08001630   Section       62  btod.o(CL$$btod_d2e)
    CL$$btod_d2e_denorm_low                  0x0800166e   Section       70  btod.o(CL$$btod_d2e_denorm_low)
    CL$$btod_d2e_norm_op1                    0x080016b4   Section       96  btod.o(CL$$btod_d2e_norm_op1)
    CL$$btod_div_common                      0x08001714   Section      824  btod.o(CL$$btod_div_common)
    CL$$btod_e2e                             0x08001a4c   Section      220  btod.o(CL$$btod_e2e)
    CL$$btod_ediv                            0x08001b28   Section       42  btod.o(CL$$btod_ediv)
    CL$$btod_emul                            0x08001b52   Section       42  btod.o(CL$$btod_emul)
    CL$$btod_mult_common                     0x08001b7c   Section      580  btod.o(CL$$btod_mult_common)
    i.ADC_GetVal                             0x08001dc0   Section        0  adc.o(i.ADC_GetVal)
    i.ADC_Init                               0x08001dfc   Section        0  adc.o(i.ADC_Init)
    i.ADC_StartCnv                           0x08001e7c   Section        0  adc.o(i.ADC_StartCnv)
    i.Basic_Timer_Init                       0x08001e94   Section        0  blinky_timer_interrupt.o(i.Basic_Timer_Init)
    i.Delay                                  0x08001ed4   Section        0  blinky_timer_interrupt.o(i.Delay)
    i.HAL_GetTick                            0x08001eec   Section        0  stm32f4xx_hal.o(i.HAL_GetTick)
    i.HAL_Init                               0x08001ef8   Section        0  stm32f4xx_hal.o(i.HAL_Init)
    i.HAL_InitTick                           0x08001f34   Section        0  stm32f4xx_hal.o(i.HAL_InitTick)
    i.HAL_MspInit                            0x08001f80   Section        0  stm32f4xx_hal.o(i.HAL_MspInit)
    i.HAL_NVIC_EnableIRQ                     0x08001f82   Section        0  stm32f4xx_hal_cortex.o(i.HAL_NVIC_EnableIRQ)
    i.HAL_NVIC_SetPriority                   0x08001fa2   Section        0  stm32f4xx_hal_cortex.o(i.HAL_NVIC_SetPriority)
    i.HAL_NVIC_SetPriorityGrouping           0x08002020   Section        0  stm32f4xx_hal_cortex.o(i.HAL_NVIC_SetPriorityGrouping)
    i.HAL_RCC_ClockConfig                    0x08002048   Section        0  stm32f4xx_hal_rcc.o(i.HAL_RCC_ClockConfig)
    i.HAL_RCC_GetSysClockFreq                0x080021c8   Section        0  stm32f4xx_hal_rcc.o(i.HAL_RCC_GetSysClockFreq)
    i.HAL_RCC_OscConfig                      0x08002278   Section        0  stm32f4xx_hal_rcc.o(i.HAL_RCC_OscConfig)
    i.HAL_SYSTICK_Config                     0x080026c0   Section        0  stm32f4xx_hal_cortex.o(i.HAL_SYSTICK_Config)
    i.HAL_TIM_Base_Init                      0x080026f4   Section        0  stm32f4xx_hal_tim.o(i.HAL_TIM_Base_Init)
    i.HAL_TIM_Base_MspInit                   0x08002728   Section        0  stm32f4xx_hal_tim.o(i.HAL_TIM_Base_MspInit)
    i.HAL_TIM_Base_Start_IT                  0x0800272a   Section        0  stm32f4xx_hal_tim.o(i.HAL_TIM_Base_Start_IT)
    i.ITM_SendChar                           0x08002748   Section        0  retarget_io.o(i.ITM_SendChar)
    i.LED_Init_1                             0x08002778   Section        0  blinky_timer_interrupt.o(i.LED_Init_1)
    i.Soft_Delay                             0x08002890   Section        0  blinky_timer_interrupt.o(i.Soft_Delay)
    i.SysTick_Handler                        0x080028a0   Section        0  blinky_timer_interrupt.o(i.SysTick_Handler)
    i.SystemClock_Config                     0x080028b0   Section        0  blinky_timer_interrupt.o(i.SystemClock_Config)
    i.SystemCoreClockUpdate                  0x08002948   Section        0  system_stm32f4xx.o(i.SystemCoreClockUpdate)
    i.SystemInit                             0x08002a08   Section        0  system_stm32f4xx.o(i.SystemInit)
    i.TIM2_IRQHandler                        0x08002a6c   Section        0  blinky_timer_interrupt.o(i.TIM2_IRQHandler)
    i.TIM_Base_SetConfig                     0x08002aa8   Section        0  stm32f4xx_hal_tim.o(i.TIM_Base_SetConfig)
    i.Timer_Interrupt_Init                   0x08002b8c   Section        0  blinky_timer_interrupt.o(i.Timer_Interrupt_Init)
    i.__ARM_fpclassify                       0x08002bf0   Section        0  fpclassify.o(i.__ARM_fpclassify)
    i.__NVIC_GetPriorityGrouping             0x08002c20   Section        0  stm32f4xx_hal_cortex.o(i.__NVIC_GetPriorityGrouping)
    __NVIC_GetPriorityGrouping               0x08002c21   Thumb Code    10  stm32f4xx_hal_cortex.o(i.__NVIC_GetPriorityGrouping)
    i.__NVIC_SetPriority                     0x08002c30   Section        0  stm32f4xx_hal_cortex.o(i.__NVIC_SetPriority)
    __NVIC_SetPriority                       0x08002c31   Thumb Code    32  stm32f4xx_hal_cortex.o(i.__NVIC_SetPriority)
    i.__hardfp_log                           0x08002c58   Section        0  log.o(i.__hardfp_log)
    i.__kernel_poly                          0x0800301c   Section        0  poly.o(i.__kernel_poly)
    i.__mathlib_dbl_divzero                  0x08003118   Section        0  dunder.o(i.__mathlib_dbl_divzero)
    i.__mathlib_dbl_infnan                   0x08003148   Section        0  dunder.o(i.__mathlib_dbl_infnan)
    i.__mathlib_dbl_invalid                  0x08003160   Section        0  dunder.o(i.__mathlib_dbl_invalid)
    i._sys_close                             0x08003180   Section        0  retarget_io.o(i._sys_close)
    i._sys_flen                              0x080031a6   Section        0  retarget_io.o(i._sys_flen)
    i._sys_istty                             0x080031ca   Section        0  retarget_io.o(i._sys_istty)
    i._sys_open                              0x080031f0   Section        0  retarget_io.o(i._sys_open)
    i._sys_seek                              0x08003258   Section        0  retarget_io.o(i._sys_seek)
    i._sys_write                             0x08003284   Section        0  retarget_io.o(i._sys_write)
    i.fputc                                  0x080032ca   Section        0  fputc.o(i.fputc)
    i.main                                   0x080032e4   Section        0  blinky_timer_interrupt.o(i.main)
    i.stdout_putchar                         0x080036f8   Section        0  retarget_io.o(i.stdout_putchar)
    stdout_putchar                           0x080036f9   Thumb Code    12  retarget_io.o(i.stdout_putchar)
    locale$$code                             0x08003704   Section       44  lc_numeric_c.o(locale$$code)
    x$fpl$basic                              0x08003730   Section       24  basic.o(x$fpl$basic)
    $v0                                      0x08003730   Number         0  basic.o(x$fpl$basic)
    x$fpl$d2f                                0x08003748   Section       98  d2f.o(x$fpl$d2f)
    $v0                                      0x08003748   Number         0  d2f.o(x$fpl$d2f)
    x$fpl$dadd                               0x080037ac   Section      336  daddsub_clz.o(x$fpl$dadd)
    $v0                                      0x080037ac   Number         0  daddsub_clz.o(x$fpl$dadd)
    _dadd1                                   0x080037bd   Thumb Code     0  daddsub_clz.o(x$fpl$dadd)
    x$fpl$dcmpinf                            0x080038fc   Section       24  dcmpi.o(x$fpl$dcmpinf)
    $v0                                      0x080038fc   Number         0  dcmpi.o(x$fpl$dcmpinf)
    x$fpl$ddiv                               0x08003914   Section      688  ddiv.o(x$fpl$ddiv)
    $v0                                      0x08003914   Number         0  ddiv.o(x$fpl$ddiv)
    ddiv_entry                               0x0800391b   Thumb Code     0  ddiv.o(x$fpl$ddiv)
    x$fpl$deqf                               0x08003bc4   Section      120  deqf.o(x$fpl$deqf)
    $v0                                      0x08003bc4   Number         0  deqf.o(x$fpl$deqf)
    x$fpl$dflt                               0x08003c3c   Section       46  dflt_clz.o(x$fpl$dflt)
    $v0                                      0x08003c3c   Number         0  dflt_clz.o(x$fpl$dflt)
    x$fpl$dfltu                              0x08003c6a   Section       38  dflt_clz.o(x$fpl$dfltu)
    $v0                                      0x08003c6a   Number         0  dflt_clz.o(x$fpl$dfltu)
    x$fpl$dleqf                              0x08003c90   Section      120  dleqf.o(x$fpl$dleqf)
    $v0                                      0x08003c90   Number         0  dleqf.o(x$fpl$dleqf)
    x$fpl$dmul                               0x08003d08   Section      340  dmul.o(x$fpl$dmul)
    $v0                                      0x08003d08   Number         0  dmul.o(x$fpl$dmul)
    x$fpl$dnaninf                            0x08003e5c   Section      156  dnaninf.o(x$fpl$dnaninf)
    $v0                                      0x08003e5c   Number         0  dnaninf.o(x$fpl$dnaninf)
    x$fpl$dretinf                            0x08003ef8   Section       12  dretinf.o(x$fpl$dretinf)
    $v0                                      0x08003ef8   Number         0  dretinf.o(x$fpl$dretinf)
    x$fpl$drleqf                             0x08003f04   Section      108  drleqf.o(x$fpl$drleqf)
    $v0                                      0x08003f04   Number         0  drleqf.o(x$fpl$drleqf)
    x$fpl$drsb                               0x08003f70   Section       22  daddsub_clz.o(x$fpl$drsb)
    $v0                                      0x08003f70   Number         0  daddsub_clz.o(x$fpl$drsb)
    x$fpl$dsub                               0x08003f88   Section      468  daddsub_clz.o(x$fpl$dsub)
    $v0                                      0x08003f88   Number         0  daddsub_clz.o(x$fpl$dsub)
    _dsub1                                   0x08003f99   Thumb Code     0  daddsub_clz.o(x$fpl$dsub)
    x$fpl$f2d                                0x0800415c   Section       86  f2d.o(x$fpl$f2d)
    $v0                                      0x0800415c   Number         0  f2d.o(x$fpl$f2d)
    x$fpl$fnaninf                            0x080041b2   Section      140  fnaninf.o(x$fpl$fnaninf)
    $v0                                      0x080041b2   Number         0  fnaninf.o(x$fpl$fnaninf)
    x$fpl$fpinit                             0x0800423e   Section       10  fpinit.o(x$fpl$fpinit)
    $v0                                      0x0800423e   Number         0  fpinit.o(x$fpl$fpinit)
    x$fpl$fretinf                            0x08004248   Section       10  fretinf.o(x$fpl$fretinf)
    $v0                                      0x08004248   Number         0  fretinf.o(x$fpl$fretinf)
    x$fpl$printf1                            0x08004252   Section        4  printf1.o(x$fpl$printf1)
    $v0                                      0x08004252   Number         0  printf1.o(x$fpl$printf1)
    .constdata                               0x08004256   Section       23  retarget_io.o(.constdata)
    x$fpl$usenofp                            0x08004256   Section        0  usenofp.o(x$fpl$usenofp)
    .constdata                               0x0800426d   Section       24  system_stm32f4xx.o(.constdata)
    .constdata                               0x08004288   Section       56  log.o(.constdata)
    Lg2                                      0x08004288   Data          24  log.o(.constdata)
    Lg                                       0x080042a0   Data          32  log.o(.constdata)
    .constdata                               0x080042c0   Section        8  qnan.o(.constdata)
    .constdata                               0x080042c8   Section      148  bigflt0.o(.constdata)
    tenpwrs_x                                0x080042c8   Data          60  bigflt0.o(.constdata)
    tenpwrs_i                                0x08004304   Data          64  bigflt0.o(.constdata)
    locale$$data                             0x0800437c   Section       28  lc_numeric_c.o(locale$$data)
    __lcnum_c_name                           0x08004380   Data           2  lc_numeric_c.o(locale$$data)
    __lcnum_c_start                          0x08004388   Data           0  lc_numeric_c.o(locale$$data)
    __lcnum_c_point                          0x08004394   Data           0  lc_numeric_c.o(locale$$data)
    __lcnum_c_thousands                      0x08004396   Data           0  lc_numeric_c.o(locale$$data)
    __lcnum_c_grouping                       0x08004397   Data           0  lc_numeric_c.o(locale$$data)
    __lcnum_c_end                            0x08004398   Data           0  lc_numeric_c.o(locale$$data)
    .data                                    0x20000000   Section        8  blinky_timer_interrupt.o(.data)
    .data                                    0x20000008   Section        9  stm32f4xx_hal.o(.data)
    .data                                    0x20000014   Section        4  system_stm32f4xx.o(.data)
    .data                                    0x20000018   Section        4  stdio_streams.o(.data)
    .data                                    0x2000001c   Section        4  stdio_streams.o(.data)
    .data                                    0x20000020   Section        4  stdio_streams.o(.data)
    .bss                                     0x20000024   Section       60  blinky_timer_interrupt.o(.bss)
    .bss                                     0x20000060   Section       84  stdio_streams.o(.bss)
    .bss                                     0x200000b4   Section       84  stdio_streams.o(.bss)
    .bss                                     0x20000108   Section       84  stdio_streams.o(.bss)
    .bss                                     0x2000015c   Section       96  libspace.o(.bss)
    HEAP                                     0x200001c0   Section      512  startup_stm32f407xx.o(HEAP)
    Heap_Mem                                 0x200001c0   Data         512  startup_stm32f407xx.o(HEAP)
    STACK                                    0x200003c0   Section     1024  startup_stm32f407xx.o(STACK)
    Stack_Mem                                0x200003c0   Data        1024  startup_stm32f407xx.o(STACK)
    __initial_sp                             0x200007c0   Data           0  startup_stm32f407xx.o(STACK)

    Global Symbols

    Symbol Name                              Value     Ov Type        Size  Object(Section)

    BuildAttributes$$THM_ISAv4$E$P$D$K$B$S$7EM$VFPi3$EXTD16$VFPS$VFMA$PE$A:L22UL41UL21$X:L11$S22US41US21$IEEE1$IW$USESV6$~STKCKD$USESV7$~SHL$OTIME$ROPI$IEEEX$EBA8$UX$STANDARDLIB$REQ8$PRES8$EABIv2 0x00000000   Number         0  anon$$obj.o ABSOLUTE
    __ARM_use_no_argv                        0x00000000   Number         0  blinky_timer_interrupt.o ABSOLUTE
    __ARM_exceptions_init                     - Undefined Weak Reference
    __alloca_initialize                       - Undefined Weak Reference
    __arm_preinit_                            - Undefined Weak Reference
    __cpp_initialize__aeabi_                  - Undefined Weak Reference
    __cxa_finalize                            - Undefined Weak Reference
    __sigvec_lookup                           - Undefined Weak Reference
    __user_heap_extent                        - Undefined Weak Reference
    _atexit_init                              - Undefined Weak Reference
    _call_atexit_fns                          - Undefined Weak Reference
    _clock_init                               - Undefined Weak Reference
    _fp_trap_init                             - Undefined Weak Reference
    _fp_trap_shutdown                         - Undefined Weak Reference
    _get_lc_collate                           - Undefined Weak Reference
    _get_lc_ctype                             - Undefined Weak Reference
    _get_lc_monetary                          - Undefined Weak Reference
    _get_lc_time                              - Undefined Weak Reference
    _getenv_init                              - Undefined Weak Reference
    _handle_redirection                       - Undefined Weak Reference
    _mutex_acquire                            - Undefined Weak Reference
    _mutex_free                               - Undefined Weak Reference
    _mutex_release                            - Undefined Weak Reference
    _printf_post_padding                      - Undefined Weak Reference
    _printf_pre_padding                       - Undefined Weak Reference
    _printf_truncate_signed                   - Undefined Weak Reference
    _printf_truncate_unsigned                 - Undefined Weak Reference
    _rand_init                                - Undefined Weak Reference
    _signal_finish                            - Undefined Weak Reference
    _signal_init                              - Undefined Weak Reference
    __Vectors_Size                           0x00000188   Number         0  startup_stm32f407xx.o ABSOLUTE
    __Vectors                                0x08000000   Data           4  startup_stm32f407xx.o(RESET)
    __Vectors_End                            0x08000188   Data           0  startup_stm32f407xx.o(RESET)
    __main                                   0x08000189   Thumb Code     8  __main.o(!!!main)
    __scatterload                            0x08000191   Thumb Code     0  __scatter.o(!!!scatter)
    __scatterload_rt2                        0x08000191   Thumb Code    44  __scatter.o(!!!scatter)
    __scatterload_rt2_thumb_only             0x08000191   Thumb Code     0  __scatter.o(!!!scatter)
    __scatterload_null                       0x0800019f   Thumb Code     0  __scatter.o(!!!scatter)
    __scatterload_copy                       0x080001c5   Thumb Code    26  __scatter_copy.o(!!handler_copy)
    __scatterload_zeroinit                   0x080001e1   Thumb Code    28  __scatter_zi.o(!!handler_zi)
    _printf_f                                0x080001fd   Thumb Code     0  _printf_f.o(.ARM.Collect$$_printf_percent$$00000003)
    _printf_percent                          0x080001fd   Thumb Code     0  _printf_percent.o(.ARM.Collect$$_printf_percent$$00000000)
    _printf_d                                0x08000203   Thumb Code     0  _printf_d.o(.ARM.Collect$$_printf_percent$$00000009)
    _printf_percent_end                      0x08000209   Thumb Code     0  _printf_percent_end.o(.ARM.Collect$$_printf_percent$$00000017)
    __rt_lib_init                            0x0800020d   Thumb Code     0  libinit.o(.ARM.Collect$$libinit$$00000000)
    __rt_lib_init_fp_1                       0x0800020f   Thumb Code     0  libinit2.o(.ARM.Collect$$libinit$$00000001)
    __rt_lib_init_heap_2                     0x08000213   Thumb Code     0  libinit2.o(.ARM.Collect$$libinit$$00000005)
    __rt_lib_init_preinit_1                  0x08000213   Thumb Code     0  libinit2.o(.ARM.Collect$$libinit$$00000004)
    __rt_lib_init_heap_1                     0x0800021b   Thumb Code     0  libinit2.o(.ARM.Collect$$libinit$$0000000A)
    __rt_lib_init_lc_common                  0x0800021b   Thumb Code     0  libinit2.o(.ARM.Collect$$libinit$$0000000F)
    __rt_lib_init_rand_1                     0x0800021b   Thumb Code     0  libinit2.o(.ARM.Collect$$libinit$$0000000E)
    __rt_lib_init_user_alloc_1               0x0800021b   Thumb Code     0  libinit2.o(.ARM.Collect$$libinit$$0000000C)
    __rt_lib_init_lc_collate_1               0x08000221   Thumb Code     0  libinit2.o(.ARM.Collect$$libinit$$00000011)
    __rt_lib_init_lc_ctype_1                 0x08000221   Thumb Code     0  libinit2.o(.ARM.Collect$$libinit$$00000013)
    __rt_lib_init_lc_monetary_1              0x08000221   Thumb Code     0  libinit2.o(.ARM.Collect$$libinit$$00000015)
    __rt_lib_init_lc_numeric_2               0x08000221   Thumb Code     0  libinit2.o(.ARM.Collect$$libinit$$00000016)
    __rt_lib_init_atexit_1                   0x0800022b   Thumb Code     0  libinit2.o(.ARM.Collect$$libinit$$0000001B)
    __rt_lib_init_clock_1                    0x0800022b   Thumb Code     0  libinit2.o(.ARM.Collect$$libinit$$00000021)
    __rt_lib_init_fp_trap_1                  0x0800022b   Thumb Code     0  libinit2.o(.ARM.Collect$$libinit$$0000001F)
    __rt_lib_init_getenv_1                   0x0800022b   Thumb Code     0  libinit2.o(.ARM.Collect$$libinit$$00000023)
    __rt_lib_init_lc_numeric_1               0x0800022b   Thumb Code     0  libinit2.o(.ARM.Collect$$libinit$$00000017)
    __rt_lib_init_lc_time_1                  0x0800022b   Thumb Code     0  libinit2.o(.ARM.Collect$$libinit$$00000019)
    __rt_lib_init_signal_1                   0x0800022b   Thumb Code     0  libinit2.o(.ARM.Collect$$libinit$$0000001D)
    __rt_lib_init_stdio_2                    0x0800022b   Thumb Code     0  libinit2.o(.ARM.Collect$$libinit$$00000024)
    __rt_lib_init_alloca_1                   0x0800022f   Thumb Code     0  libinit2.o(.ARM.Collect$$libinit$$0000002E)
    __rt_lib_init_argv_1                     0x0800022f   Thumb Code     0  libinit2.o(.ARM.Collect$$libinit$$0000002C)
    __rt_lib_init_cpp_1                      0x0800022f   Thumb Code     0  libinit2.o(.ARM.Collect$$libinit$$00000032)
    __rt_lib_init_exceptions_1               0x0800022f   Thumb Code     0  libinit2.o(.ARM.Collect$$libinit$$00000030)
    __rt_lib_init_return                     0x0800022f   Thumb Code     0  libinit2.o(.ARM.Collect$$libinit$$00000033)
    __rt_lib_init_stdio_1                    0x0800022f   Thumb Code     0  libinit2.o(.ARM.Collect$$libinit$$00000025)
    __rt_lib_shutdown                        0x08000231   Thumb Code     0  libshutdown.o(.ARM.Collect$$libshutdown$$00000000)
    __rt_lib_shutdown_cpp_1                  0x08000233   Thumb Code     0  libshutdown2.o(.ARM.Collect$$libshutdown$$00000002)
    __rt_lib_shutdown_stdio_2                0x08000233   Thumb Code     0  libshutdown2.o(.ARM.Collect$$libshutdown$$00000003)
    __rt_lib_shutdown_fp_trap_1              0x08000237   Thumb Code     0  libshutdown2.o(.ARM.Collect$$libshutdown$$00000007)
    __rt_lib_shutdown_heap_1                 0x08000237   Thumb Code     0  libshutdown2.o(.ARM.Collect$$libshutdown$$0000000F)
    __rt_lib_shutdown_return                 0x08000237   Thumb Code     0  libshutdown2.o(.ARM.Collect$$libshutdown$$00000010)
    __rt_lib_shutdown_signal_1               0x08000237   Thumb Code     0  libshutdown2.o(.ARM.Collect$$libshutdown$$0000000A)
    __rt_lib_shutdown_stdio_1                0x08000237   Thumb Code     0  libshutdown2.o(.ARM.Collect$$libshutdown$$00000004)
    __rt_lib_shutdown_user_alloc_1           0x08000237   Thumb Code     0  libshutdown2.o(.ARM.Collect$$libshutdown$$0000000C)
    __rt_entry                               0x08000239   Thumb Code     0  __rtentry.o(.ARM.Collect$$rtentry$$00000000)
    __rt_entry_presh_1                       0x08000239   Thumb Code     0  __rtentry2.o(.ARM.Collect$$rtentry$$00000002)
    __rt_entry_sh                            0x08000239   Thumb Code     0  __rtentry4.o(.ARM.Collect$$rtentry$$00000004)
    __rt_entry_li                            0x0800023f   Thumb Code     0  __rtentry2.o(.ARM.Collect$$rtentry$$0000000A)
    __rt_entry_postsh_1                      0x0800023f   Thumb Code     0  __rtentry2.o(.ARM.Collect$$rtentry$$00000009)
    __rt_entry_main                          0x08000243   Thumb Code     0  __rtentry2.o(.ARM.Collect$$rtentry$$0000000D)
    __rt_entry_postli_1                      0x08000243   Thumb Code     0  __rtentry2.o(.ARM.Collect$$rtentry$$0000000C)
    __rt_exit                                0x0800024b   Thumb Code     0  rtexit.o(.ARM.Collect$$rtexit$$00000000)
    __rt_exit_ls                             0x0800024d   Thumb Code     0  rtexit2.o(.ARM.Collect$$rtexit$$00000003)
    __rt_exit_prels_1                        0x0800024d   Thumb Code     0  rtexit2.o(.ARM.Collect$$rtexit$$00000002)
    __rt_exit_exit                           0x08000251   Thumb Code     0  rtexit2.o(.ARM.Collect$$rtexit$$00000004)
    Reset_Handler                            0x08000259   Thumb Code     8  startup_stm32f407xx.o(.text)
    _maybe_terminate_alloc                   0x08000259   Thumb Code     0  maybetermalloc1.o(.emb_text)
    NMI_Handler                              0x08000261   Thumb Code     2  startup_stm32f407xx.o(.text)
    HardFault_Handler                        0x08000263   Thumb Code     2  startup_stm32f407xx.o(.text)
    MemManage_Handler                        0x08000265   Thumb Code     2  startup_stm32f407xx.o(.text)
    BusFault_Handler                         0x08000267   Thumb Code     2  startup_stm32f407xx.o(.text)
    UsageFault_Handler                       0x08000269   Thumb Code     2  startup_stm32f407xx.o(.text)
    SVC_Handler                              0x0800026b   Thumb Code     2  startup_stm32f407xx.o(.text)
    DebugMon_Handler                         0x0800026d   Thumb Code     2  startup_stm32f407xx.o(.text)
    PendSV_Handler                           0x0800026f   Thumb Code     2  startup_stm32f407xx.o(.text)
    ADC_IRQHandler                           0x08000273   Thumb Code     0  startup_stm32f407xx.o(.text)
    CAN1_RX0_IRQHandler                      0x08000273   Thumb Code     0  startup_stm32f407xx.o(.text)
    CAN1_RX1_IRQHandler                      0x08000273   Thumb Code     0  startup_stm32f407xx.o(.text)
    CAN1_SCE_IRQHandler                      0x08000273   Thumb Code     0  startup_stm32f407xx.o(.text)
    CAN1_TX_IRQHandler                       0x08000273   Thumb Code     0  startup_stm32f407xx.o(.text)
    CAN2_RX0_IRQHandler                      0x08000273   Thumb Code     0  startup_stm32f407xx.o(.text)
    CAN2_RX1_IRQHandler                      0x08000273   Thumb Code     0  startup_stm32f407xx.o(.text)
    CAN2_SCE_IRQHandler                      0x08000273   Thumb Code     0  startup_stm32f407xx.o(.text)
    CAN2_TX_IRQHandler                       0x08000273   Thumb Code     0  startup_stm32f407xx.o(.text)
    DCMI_IRQHandler                          0x08000273   Thumb Code     0  startup_stm32f407xx.o(.text)
    DMA1_Stream0_IRQHandler                  0x08000273   Thumb Code     0  startup_stm32f407xx.o(.text)
    DMA1_Stream1_IRQHandler                  0x08000273   Thumb Code     0  startup_stm32f407xx.o(.text)
    DMA1_Stream2_IRQHandler                  0x08000273   Thumb Code     0  startup_stm32f407xx.o(.text)
    DMA1_Stream3_IRQHandler                  0x08000273   Thumb Code     0  startup_stm32f407xx.o(.text)
    DMA1_Stream4_IRQHandler                  0x08000273   Thumb Code     0  startup_stm32f407xx.o(.text)
    DMA1_Stream5_IRQHandler                  0x08000273   Thumb Code     0  startup_stm32f407xx.o(.text)
    DMA1_Stream6_IRQHandler                  0x08000273   Thumb Code     0  startup_stm32f407xx.o(.text)
    DMA1_Stream7_IRQHandler                  0x08000273   Thumb Code     0  startup_stm32f407xx.o(.text)
    DMA2_Stream0_IRQHandler                  0x08000273   Thumb Code     0  startup_stm32f407xx.o(.text)
    DMA2_Stream1_IRQHandler                  0x08000273   Thumb Code     0  startup_stm32f407xx.o(.text)
    DMA2_Stream2_IRQHandler                  0x08000273   Thumb Code     0  startup_stm32f407xx.o(.text)
    DMA2_Stream3_IRQHandler                  0x08000273   Thumb Code     0  startup_stm32f407xx.o(.text)
    DMA2_Stream4_IRQHandler                  0x08000273   Thumb Code     0  startup_stm32f407xx.o(.text)
    DMA2_Stream5_IRQHandler                  0x08000273   Thumb Code     0  startup_stm32f407xx.o(.text)
    DMA2_Stream6_IRQHandler                  0x08000273   Thumb Code     0  startup_stm32f407xx.o(.text)
    DMA2_Stream7_IRQHandler                  0x08000273   Thumb Code     0  startup_stm32f407xx.o(.text)
    ETH_IRQHandler                           0x08000273   Thumb Code     0  startup_stm32f407xx.o(.text)
    ETH_WKUP_IRQHandler                      0x08000273   Thumb Code     0  startup_stm32f407xx.o(.text)
    EXTI0_IRQHandler                         0x08000273   Thumb Code     0  startup_stm32f407xx.o(.text)
    EXTI15_10_IRQHandler                     0x08000273   Thumb Code     0  startup_stm32f407xx.o(.text)
    EXTI1_IRQHandler                         0x08000273   Thumb Code     0  startup_stm32f407xx.o(.text)
    EXTI2_IRQHandler                         0x08000273   Thumb Code     0  startup_stm32f407xx.o(.text)
    EXTI3_IRQHandler                         0x08000273   Thumb Code     0  startup_stm32f407xx.o(.text)
    EXTI4_IRQHandler                         0x08000273   Thumb Code     0  startup_stm32f407xx.o(.text)
    EXTI9_5_IRQHandler                       0x08000273   Thumb Code     0  startup_stm32f407xx.o(.text)
    FLASH_IRQHandler                         0x08000273   Thumb Code     0  startup_stm32f407xx.o(.text)
    FMC_IRQHandler                           0x08000273   Thumb Code     0  startup_stm32f407xx.o(.text)
    FPU_IRQHandler                           0x08000273   Thumb Code     0  startup_stm32f407xx.o(.text)
    HASH_RNG_IRQHandler                      0x08000273   Thumb Code     0  startup_stm32f407xx.o(.text)
    I2C1_ER_IRQHandler                       0x08000273   Thumb Code     0  startup_stm32f407xx.o(.text)
    I2C1_EV_IRQHandler                       0x08000273   Thumb Code     0  startup_stm32f407xx.o(.text)
    I2C2_ER_IRQHandler                       0x08000273   Thumb Code     0  startup_stm32f407xx.o(.text)
    I2C2_EV_IRQHandler                       0x08000273   Thumb Code     0  startup_stm32f407xx.o(.text)
    I2C3_ER_IRQHandler                       0x08000273   Thumb Code     0  startup_stm32f407xx.o(.text)
    I2C3_EV_IRQHandler                       0x08000273   Thumb Code     0  startup_stm32f407xx.o(.text)
    OTG_FS_IRQHandler                        0x08000273   Thumb Code     0  startup_stm32f407xx.o(.text)
    OTG_FS_WKUP_IRQHandler                   0x08000273   Thumb Code     0  startup_stm32f407xx.o(.text)
    OTG_HS_EP1_IN_IRQHandler                 0x08000273   Thumb Code     0  startup_stm32f407xx.o(.text)
    OTG_HS_EP1_OUT_IRQHandler                0x08000273   Thumb Code     0  startup_stm32f407xx.o(.text)
    OTG_HS_IRQHandler                        0x08000273   Thumb Code     0  startup_stm32f407xx.o(.text)
    OTG_HS_WKUP_IRQHandler                   0x08000273   Thumb Code     0  startup_stm32f407xx.o(.text)
    PVD_IRQHandler                           0x08000273   Thumb Code     0  startup_stm32f407xx.o(.text)
    RCC_IRQHandler                           0x08000273   Thumb Code     0  startup_stm32f407xx.o(.text)
    RTC_Alarm_IRQHandler                     0x08000273   Thumb Code     0  startup_stm32f407xx.o(.text)
    RTC_WKUP_IRQHandler                      0x08000273   Thumb Code     0  startup_stm32f407xx.o(.text)
    SDIO_IRQHandler                          0x08000273   Thumb Code     0  startup_stm32f407xx.o(.text)
    SPI1_IRQHandler                          0x08000273   Thumb Code     0  startup_stm32f407xx.o(.text)
    SPI2_IRQHandler                          0x08000273   Thumb Code     0  startup_stm32f407xx.o(.text)
    SPI3_IRQHandler                          0x08000273   Thumb Code     0  startup_stm32f407xx.o(.text)
    TAMP_STAMP_IRQHandler                    0x08000273   Thumb Code     0  startup_stm32f407xx.o(.text)
    TIM1_BRK_TIM9_IRQHandler                 0x08000273   Thumb Code     0  startup_stm32f407xx.o(.text)
    TIM1_CC_IRQHandler                       0x08000273   Thumb Code     0  startup_stm32f407xx.o(.text)
    TIM1_TRG_COM_TIM11_IRQHandler            0x08000273   Thumb Code     0  startup_stm32f407xx.o(.text)
    TIM1_UP_TIM10_IRQHandler                 0x08000273   Thumb Code     0  startup_stm32f407xx.o(.text)
    TIM3_IRQHandler                          0x08000273   Thumb Code     0  startup_stm32f407xx.o(.text)
    TIM4_IRQHandler                          0x08000273   Thumb Code     0  startup_stm32f407xx.o(.text)
    TIM5_IRQHandler                          0x08000273   Thumb Code     0  startup_stm32f407xx.o(.text)
    TIM6_DAC_IRQHandler                      0x08000273   Thumb Code     0  startup_stm32f407xx.o(.text)
    TIM7_IRQHandler                          0x08000273   Thumb Code     0  startup_stm32f407xx.o(.text)
    TIM8_BRK_TIM12_IRQHandler                0x08000273   Thumb Code     0  startup_stm32f407xx.o(.text)
    TIM8_CC_IRQHandler                       0x08000273   Thumb Code     0  startup_stm32f407xx.o(.text)
    TIM8_TRG_COM_TIM14_IRQHandler            0x08000273   Thumb Code     0  startup_stm32f407xx.o(.text)
    TIM8_UP_TIM13_IRQHandler                 0x08000273   Thumb Code     0  startup_stm32f407xx.o(.text)
    UART4_IRQHandler                         0x08000273   Thumb Code     0  startup_stm32f407xx.o(.text)
    UART5_IRQHandler                         0x08000273   Thumb Code     0  startup_stm32f407xx.o(.text)
    USART1_IRQHandler                        0x08000273   Thumb Code     0  startup_stm32f407xx.o(.text)
    USART2_IRQHandler                        0x08000273   Thumb Code     0  startup_stm32f407xx.o(.text)
    USART3_IRQHandler                        0x08000273   Thumb Code     0  startup_stm32f407xx.o(.text)
    USART6_IRQHandler                        0x08000273   Thumb Code     0  startup_stm32f407xx.o(.text)
    WWDG_IRQHandler                          0x08000273   Thumb Code     0  startup_stm32f407xx.o(.text)
    __user_initial_stackheap                 0x08000275   Thumb Code     0  startup_stm32f407xx.o(.text)
    __aeabi_uldivmod                         0x08000299   Thumb Code     0  lludivv7m.o(.text)
    _ll_udiv                                 0x08000299   Thumb Code   238  lludivv7m.o(.text)
    __2printf                                0x08000389   Thumb Code    20  noretval__2printf.o(.text)
    __printf                                 0x080003a1   Thumb Code   104  __printf.o(.text)
    _printf_int_dec                          0x08000409   Thumb Code   104  _printf_dec.o(.text)
    strcmp                                   0x08000481   Thumb Code   128  strcmpv7m.o(.text)
    __use_two_region_memory                  0x08000501   Thumb Code     2  heapauxi.o(.text)
    __rt_heap_escrow                         0x08000503   Thumb Code     2  heapauxi.o(.text)
    __rt_heap_expand                         0x08000505   Thumb Code     2  heapauxi.o(.text)
    __read_errno                             0x08000507   Thumb Code    10  _rserrno.o(.text)
    __set_errno                              0x08000511   Thumb Code    12  _rserrno.o(.text)
    _printf_int_common                       0x0800051d   Thumb Code   178  _printf_intcommon.o(.text)
    __lib_sel_fp_printf                      0x080005cf   Thumb Code     2  _printf_fp_dec.o(.text)
    _printf_fp_dec_real                      0x08000781   Thumb Code   620  _printf_fp_dec.o(.text)
    _printf_char_file                        0x080009ed   Thumb Code    32  _printf_char_file.o(.text)
    __rt_locale                              0x08000a11   Thumb Code     8  rt_locale_intlibspace.o(.text)
    __aeabi_errno_addr                       0x08000a19   Thumb Code     8  rt_errno_addr_intlibspace.o(.text)
    __errno$intlibspace                      0x08000a19   Thumb Code     0  rt_errno_addr_intlibspace.o(.text)
    __rt_errno_addr$intlibspace              0x08000a19   Thumb Code     0  rt_errno_addr_intlibspace.o(.text)
    _ll_udiv10                               0x08000a21   Thumb Code   138  lludiv10.o(.text)
    _printf_char_common                      0x08000ab7   Thumb Code    32  _printf_char_common.o(.text)
    _printf_fp_infnan                        0x08000add   Thumb Code   112  _printf_fp_infnan.o(.text)
    _btod_etento                             0x08000b5d   Thumb Code   224  bigflt0.o(.text)
    ferror                                   0x08000c41   Thumb Code     8  ferror.o(.text)
    _initio                                  0x08000c49   Thumb Code   210  initio.o(.text)
    _terminateio                             0x08000d1b   Thumb Code    56  initio.o(.text)
    __user_libspace                          0x08000d81   Thumb Code     8  libspace.o(.text)
    __user_perproc_libspace                  0x08000d81   Thumb Code     0  libspace.o(.text)
    __user_perthread_libspace                0x08000d81   Thumb Code     0  libspace.o(.text)
    __user_setup_stackheap                   0x08000d89   Thumb Code    74  sys_stackheap_outer.o(.text)
    free                                     0x08000dd3   Thumb Code    78  h1_free.o(.text)
    __flsbuf                                 0x08000e21   Thumb Code   470  flsbuf.o(.text)
    __flsbuf_byte                            0x08000e21   Thumb Code     0  flsbuf.o(.text)
    __flsbuf_wide                            0x08000e21   Thumb Code     0  flsbuf.o(.text)
    setvbuf                                  0x08000ff7   Thumb Code    70  setvbuf.o(.text)
    freopen                                  0x0800103d   Thumb Code   158  fopen.o(.text)
    fopen                                    0x080010db   Thumb Code    74  fopen.o(.text)
    _fclose_internal                         0x08001129   Thumb Code    76  fclose.o(.text)
    fclose                                   0x08001129   Thumb Code     0  fclose.o(.text)
    exit                                     0x08001175   Thumb Code    18  exit.o(.text)
    __rt_SIGRTRED                            0x08001187   Thumb Code    14  defsig_rtred_outer.o(.text)
    __aeabi_memclr4                          0x08001195   Thumb Code     0  rt_memclr_w.o(.text)
    __aeabi_memclr8                          0x08001195   Thumb Code     0  rt_memclr_w.o(.text)
    __rt_memclr_w                            0x08001195   Thumb Code    78  rt_memclr_w.o(.text)
    _memset_w                                0x08001199   Thumb Code     0  rt_memclr_w.o(.text)
    __rt_heap_descriptor                     0x080011e5   Thumb Code     8  rt_heap_descriptor_intlibspace.o(.text)
    __use_no_heap                            0x080011ed   Thumb Code     2  hguard.o(.text)
    __heap$guard                             0x080011ef   Thumb Code     2  hguard.o(.text)
    _terminate_user_alloc                    0x080011f1   Thumb Code     2  init_alloc.o(.text)
    _init_user_alloc                         0x080011f3   Thumb Code     2  init_alloc.o(.text)
    __Heap_Full                              0x080011f5   Thumb Code    34  init_alloc.o(.text)
    __Heap_Broken                            0x08001217   Thumb Code     6  init_alloc.o(.text)
    _init_alloc                              0x0800121d   Thumb Code    94  init_alloc.o(.text)
    malloc                                   0x0800127b   Thumb Code    94  h1_alloc.o(.text)
    _fseek                                   0x080012d9   Thumb Code   242  fseek.o(.text)
    fseek                                    0x080012d9   Thumb Code     0  fseek.o(.text)
    _seterr                                  0x080013d1   Thumb Code    20  stdio.o(.text)
    _writebuf                                0x080013e5   Thumb Code    84  stdio.o(.text)
    _fflush                                  0x08001439   Thumb Code    70  stdio.o(.text)
    _deferredlazyseek                        0x0800147f   Thumb Code    60  stdio.o(.text)
    __sig_exit                               0x080014c1   Thumb Code    10  defsig_exit.o(.text)
    __rt_SIGRTRED_inner                      0x080014cd   Thumb Code    14  defsig_rtred_inner.o(.text)
    _sys_exit                                0x08001501   Thumb Code     8  sys_exit.o(.text)
    __Heap_Initialize                        0x0800150d   Thumb Code    10  h1_init.o(.text)
    __Heap_DescSize                          0x08001517   Thumb Code     4  h1_init.o(.text)
    __Heap_ProvideMemory                     0x0800151b   Thumb Code    52  h1_extend.o(.text)
    _ftell_internal                          0x0800154f   Thumb Code    66  ftell.o(.text)
    ftell                                    0x0800154f   Thumb Code     0  ftell.o(.text)
    __default_signal_display                 0x08001591   Thumb Code    50  defsig_general.o(.text)
    __rt_SIGRTMEM                            0x080015c3   Thumb Code    14  defsig_rtmem_outer.o(.text)
    _ttywrch                                 0x080015d1   Thumb Code    14  sys_wrch.o(.text)
    __I$use$semihosting                      0x080015df   Thumb Code     0  use_no_semi.o(.text)
    __use_no_semihosting_swi                 0x080015df   Thumb Code     2  use_no_semi.o(.text)
    __rt_SIGRTMEM_inner                      0x080015e1   Thumb Code    22  defsig_rtmem_inner.o(.text)
    __semihosting_library_function           0x080015e1   Thumb Code     0  indicate_semi.o(.text)
    _btod_d2e                                0x08001631   Thumb Code    62  btod.o(CL$$btod_d2e)
    _d2e_denorm_low                          0x0800166f   Thumb Code    70  btod.o(CL$$btod_d2e_denorm_low)
    _d2e_norm_op1                            0x080016b5   Thumb Code    96  btod.o(CL$$btod_d2e_norm_op1)
    __btod_div_common                        0x08001715   Thumb Code   696  btod.o(CL$$btod_div_common)
    _e2e                                     0x08001a4d   Thumb Code   220  btod.o(CL$$btod_e2e)
    _btod_ediv                               0x08001b29   Thumb Code    42  btod.o(CL$$btod_ediv)
    _btod_emul                               0x08001b53   Thumb Code    42  btod.o(CL$$btod_emul)
    __btod_mult_common                       0x08001b7d   Thumb Code   580  btod.o(CL$$btod_mult_common)
    ADC_GetVal                               0x08001dc1   Thumb Code    46  adc.o(i.ADC_GetVal)
    ADC_Init                                 0x08001dfd   Thumb Code   110  adc.o(i.ADC_Init)
    ADC_StartCnv                             0x08001e7d   Thumb Code    16  adc.o(i.ADC_StartCnv)
    Basic_Timer_Init                         0x08001e95   Thumb Code    50  blinky_timer_interrupt.o(i.Basic_Timer_Init)
    Delay                                    0x08001ed5   Thumb Code    18  blinky_timer_interrupt.o(i.Delay)
    HAL_GetTick                              0x08001eed   Thumb Code     6  stm32f4xx_hal.o(i.HAL_GetTick)
    HAL_Init                                 0x08001ef9   Thumb Code    54  stm32f4xx_hal.o(i.HAL_Init)
    HAL_InitTick                             0x08001f35   Thumb Code    64  stm32f4xx_hal.o(i.HAL_InitTick)
    HAL_MspInit                              0x08001f81   Thumb Code     2  stm32f4xx_hal.o(i.HAL_MspInit)
    HAL_NVIC_EnableIRQ                       0x08001f83   Thumb Code    32  stm32f4xx_hal_cortex.o(i.HAL_NVIC_EnableIRQ)
    HAL_NVIC_SetPriority                     0x08001fa3   Thumb Code   124  stm32f4xx_hal_cortex.o(i.HAL_NVIC_SetPriority)
    HAL_NVIC_SetPriorityGrouping             0x08002021   Thumb Code    32  stm32f4xx_hal_cortex.o(i.HAL_NVIC_SetPriorityGrouping)
    HAL_RCC_ClockConfig                      0x08002049   Thumb Code   366  stm32f4xx_hal_rcc.o(i.HAL_RCC_ClockConfig)
    HAL_RCC_GetSysClockFreq                  0x080021c9   Thumb Code   162  stm32f4xx_hal_rcc.o(i.HAL_RCC_GetSysClockFreq)
    HAL_RCC_OscConfig                        0x08002279   Thumb Code  1086  stm32f4xx_hal_rcc.o(i.HAL_RCC_OscConfig)
    HAL_SYSTICK_Config                       0x080026c1   Thumb Code    52  stm32f4xx_hal_cortex.o(i.HAL_SYSTICK_Config)
    HAL_TIM_Base_Init                        0x080026f5   Thumb Code    52  stm32f4xx_hal_tim.o(i.HAL_TIM_Base_Init)
    HAL_TIM_Base_MspInit                     0x08002729   Thumb Code     2  stm32f4xx_hal_tim.o(i.HAL_TIM_Base_MspInit)
    HAL_TIM_Base_Start_IT                    0x0800272b   Thumb Code    30  stm32f4xx_hal_tim.o(i.HAL_TIM_Base_Start_IT)
    ITM_SendChar                             0x08002749   Thumb Code    42  retarget_io.o(i.ITM_SendChar)
    LED_Init_1                               0x08002779   Thumb Code   272  blinky_timer_interrupt.o(i.LED_Init_1)
    Soft_Delay                               0x08002891   Thumb Code    12  blinky_timer_interrupt.o(i.Soft_Delay)
    SysTick_Handler                          0x080028a1   Thumb Code    12  blinky_timer_interrupt.o(i.SysTick_Handler)
    SystemClock_Config                       0x080028b1   Thumb Code   144  blinky_timer_interrupt.o(i.SystemClock_Config)
    SystemCoreClockUpdate                    0x08002949   Thumb Code   170  system_stm32f4xx.o(i.SystemCoreClockUpdate)
    SystemInit                               0x08002a09   Thumb Code    82  system_stm32f4xx.o(i.SystemInit)
    TIM2_IRQHandler                          0x08002a6d   Thumb Code    50  blinky_timer_interrupt.o(i.TIM2_IRQHandler)
    TIM_Base_SetConfig                       0x08002aa9   Thumb Code   184  stm32f4xx_hal_tim.o(i.TIM_Base_SetConfig)
    Timer_Interrupt_Init                     0x08002b8d   Thumb Code    90  blinky_timer_interrupt.o(i.Timer_Interrupt_Init)
    __ARM_fpclassify                         0x08002bf1   Thumb Code    48  fpclassify.o(i.__ARM_fpclassify)
    __hardfp_log                             0x08002c59   Thumb Code   872  log.o(i.__hardfp_log)
    __kernel_poly                            0x0800301d   Thumb Code   248  poly.o(i.__kernel_poly)
    __mathlib_dbl_divzero                    0x08003119   Thumb Code    28  dunder.o(i.__mathlib_dbl_divzero)
    __mathlib_dbl_infnan                     0x08003149   Thumb Code    20  dunder.o(i.__mathlib_dbl_infnan)
    __mathlib_dbl_invalid                    0x08003161   Thumb Code    24  dunder.o(i.__mathlib_dbl_invalid)
    _sys_close                               0x08003181   Thumb Code    38  retarget_io.o(i._sys_close)
    _sys_flen                                0x080031a7   Thumb Code    36  retarget_io.o(i._sys_flen)
    _sys_istty                               0x080031cb   Thumb Code    36  retarget_io.o(i._sys_istty)
    _sys_open                                0x080031f1   Thumb Code    80  retarget_io.o(i._sys_open)
    _sys_seek                                0x08003259   Thumb Code    44  retarget_io.o(i._sys_seek)
    _sys_write                               0x08003285   Thumb Code    70  retarget_io.o(i._sys_write)
    fputc                                    0x080032cb   Thumb Code    26  fputc.o(i.fputc)
    main                                     0x080032e5   Thumb Code   814  blinky_timer_interrupt.o(i.main)
    _get_lc_numeric                          0x08003705   Thumb Code    44  lc_numeric_c.o(locale$$code)
    __aeabi_dneg                             0x08003731   Thumb Code     0  basic.o(x$fpl$basic)
    _dneg                                    0x08003731   Thumb Code     6  basic.o(x$fpl$basic)
    __aeabi_fneg                             0x08003737   Thumb Code     0  basic.o(x$fpl$basic)
    _fneg                                    0x08003737   Thumb Code     6  basic.o(x$fpl$basic)
    _dabs                                    0x0800373d   Thumb Code     6  basic.o(x$fpl$basic)
    _fabs                                    0x08003743   Thumb Code     6  basic.o(x$fpl$basic)
    __aeabi_d2f                              0x08003749   Thumb Code     0  d2f.o(x$fpl$d2f)
    _d2f                                     0x08003749   Thumb Code    98  d2f.o(x$fpl$d2f)
    __aeabi_dadd                             0x080037ad   Thumb Code     0  daddsub_clz.o(x$fpl$dadd)
    _dadd                                    0x080037ad   Thumb Code   332  daddsub_clz.o(x$fpl$dadd)
    __fpl_dcmp_Inf                           0x080038fd   Thumb Code    24  dcmpi.o(x$fpl$dcmpinf)
    __aeabi_ddiv                             0x08003915   Thumb Code     0  ddiv.o(x$fpl$ddiv)
    _ddiv                                    0x08003915   Thumb Code   552  ddiv.o(x$fpl$ddiv)
    __aeabi_cdcmpeq                          0x08003bc5   Thumb Code     0  deqf.o(x$fpl$deqf)
    _dcmpeq                                  0x08003bc5   Thumb Code   120  deqf.o(x$fpl$deqf)
    __aeabi_i2d                              0x08003c3d   Thumb Code     0  dflt_clz.o(x$fpl$dflt)
    _dflt                                    0x08003c3d   Thumb Code    46  dflt_clz.o(x$fpl$dflt)
    __aeabi_ui2d                             0x08003c6b   Thumb Code     0  dflt_clz.o(x$fpl$dfltu)
    _dfltu                                   0x08003c6b   Thumb Code    38  dflt_clz.o(x$fpl$dfltu)
    __aeabi_cdcmple                          0x08003c91   Thumb Code     0  dleqf.o(x$fpl$dleqf)
    _dcmple                                  0x08003c91   Thumb Code   120  dleqf.o(x$fpl$dleqf)
    __fpl_dcmple_InfNaN                      0x08003cf3   Thumb Code     0  dleqf.o(x$fpl$dleqf)
    __aeabi_dmul                             0x08003d09   Thumb Code     0  dmul.o(x$fpl$dmul)
    _dmul                                    0x08003d09   Thumb Code   332  dmul.o(x$fpl$dmul)
    __fpl_dnaninf                            0x08003e5d   Thumb Code   156  dnaninf.o(x$fpl$dnaninf)
    __fpl_dretinf                            0x08003ef9   Thumb Code    12  dretinf.o(x$fpl$dretinf)
    __aeabi_cdrcmple                         0x08003f05   Thumb Code     0  drleqf.o(x$fpl$drleqf)
    _drcmple                                 0x08003f05   Thumb Code   108  drleqf.o(x$fpl$drleqf)
    __aeabi_drsub                            0x08003f71   Thumb Code     0  daddsub_clz.o(x$fpl$drsb)
    _drsb                                    0x08003f71   Thumb Code    22  daddsub_clz.o(x$fpl$drsb)
    __aeabi_dsub                             0x08003f89   Thumb Code     0  daddsub_clz.o(x$fpl$dsub)
    _dsub                                    0x08003f89   Thumb Code   464  daddsub_clz.o(x$fpl$dsub)
    __aeabi_f2d                              0x0800415d   Thumb Code     0  f2d.o(x$fpl$f2d)
    _f2d                                     0x0800415d   Thumb Code    86  f2d.o(x$fpl$f2d)
    __fpl_fnaninf                            0x080041b3   Thumb Code   140  fnaninf.o(x$fpl$fnaninf)
    _fp_init                                 0x0800423f   Thumb Code    10  fpinit.o(x$fpl$fpinit)
    __fplib_config_fpu_vfp                   0x08004247   Thumb Code     0  fpinit.o(x$fpl$fpinit)
    __fplib_config_pureend_doubles           0x08004247   Thumb Code     0  fpinit.o(x$fpl$fpinit)
    __fpl_fretinf                            0x08004249   Thumb Code    10  fretinf.o(x$fpl$fretinf)
    _printf_fp_dec                           0x08004253   Thumb Code     4  printf1.o(x$fpl$printf1)
    __I$use$fp                               0x08004256   Number         0  usenofp.o(x$fpl$usenofp)
    __stdin_name                             0x08004256   Data           7  retarget_io.o(.constdata)
    __stdout_name                            0x0800425d   Data           8  retarget_io.o(.constdata)
    __stderr_name                            0x08004265   Data           8  retarget_io.o(.constdata)
    AHBPrescTable                            0x0800426d   Data          16  system_stm32f4xx.o(.constdata)
    APBPrescTable                            0x0800427d   Data           8  system_stm32f4xx.o(.constdata)
    __mathlib_zero                           0x080042c0   Data           8  qnan.o(.constdata)
    Region$$Table$$Base                      0x0800435c   Number         0  anon$$obj.o(Region$$Table)
    Region$$Table$$Limit                     0x0800437c   Number         0  anon$$obj.o(Region$$Table)
    msTicks                                  0x20000000   Data           4  blinky_timer_interrupt.o(.data)
    adcVal                                   0x20000004   Data           4  blinky_timer_interrupt.o(.data)
    uwTick                                   0x20000008   Data           4  stm32f4xx_hal.o(.data)
    uwTickPrio                               0x2000000c   Data           4  stm32f4xx_hal.o(.data)
    uwTickFreq                               0x20000010   Data           1  stm32f4xx_hal.o(.data)
    SystemCoreClock                          0x20000014   Data           4  system_stm32f4xx.o(.data)
    __aeabi_stdin                            0x20000018   Data           4  stdio_streams.o(.data)
    __aeabi_stdout                           0x2000001c   Data           4  stdio_streams.o(.data)
    __aeabi_stderr                           0x20000020   Data           4  stdio_streams.o(.data)
    TIM2_Handle                              0x20000024   Data          60  blinky_timer_interrupt.o(.bss)
    __stdin                                  0x20000060   Data          84  stdio_streams.o(.bss)
    __stdout                                 0x200000b4   Data          84  stdio_streams.o(.bss)
    __stderr                                 0x20000108   Data          84  stdio_streams.o(.bss)
    __libspace_start                         0x2000015c   Data          96  libspace.o(.bss)
    __temporary_stack_top$libspace           0x200001bc   Data           0  libspace.o(.bss)



==============================================================================

Memory Map of the image

  Image Entry point : 0x08000189

  Load Region LR_IROM1 (Base: 0x08000000, Size: 0x000043bc, Max: 0x00100000, ABSOLUTE)

    Execution Region ER_IROM1 (Exec base: 0x08000000, Load base: 0x08000000, Size: 0x00004398, Max: 0x00100000, ABSOLUTE)

    Exec Addr    Load Addr    Size         Type   Attr      Idx    E Section Name        Object

    0x08000000   0x08000000   0x00000188   Data   RO         2300    RESET               startup_stm32f407xx.o
    0x08000188   0x08000188   0x00000008   Code   RO         2381  * !!!main             c_w.l(__main.o)
    0x08000190   0x08000190   0x00000034   Code   RO         2854    !!!scatter          c_w.l(__scatter.o)
    0x080001c4   0x080001c4   0x0000001a   Code   RO         2856    !!handler_copy      c_w.l(__scatter_copy.o)
    0x080001de   0x080001de   0x00000002   PAD
    0x080001e0   0x080001e0   0x0000001c   Code   RO         2858    !!handler_zi        c_w.l(__scatter_zi.o)
    0x080001fc   0x080001fc   0x00000000   Code   RO         2376    .ARM.Collect$$_printf_percent$$00000000  c_w.l(_printf_percent.o)
    0x080001fc   0x080001fc   0x00000006   Code   RO         2375    .ARM.Collect$$_printf_percent$$00000003  c_w.l(_printf_f.o)
    0x08000202   0x08000202   0x00000006   Code   RO         2374    .ARM.Collect$$_printf_percent$$00000009  c_w.l(_printf_d.o)
    0x08000208   0x08000208   0x00000004   Code   RO         2438    .ARM.Collect$$_printf_percent$$00000017  c_w.l(_printf_percent_end.o)
    0x0800020c   0x0800020c   0x00000002   Code   RO         2651    .ARM.Collect$$libinit$$00000000  c_w.l(libinit.o)
    0x0800020e   0x0800020e   0x00000004   Code   RO         2652    .ARM.Collect$$libinit$$00000001  c_w.l(libinit2.o)
    0x08000212   0x08000212   0x00000000   Code   RO         2655    .ARM.Collect$$libinit$$00000004  c_w.l(libinit2.o)
    0x08000212   0x08000212   0x00000008   Code   RO         2656    .ARM.Collect$$libinit$$00000005  c_w.l(libinit2.o)
    0x0800021a   0x0800021a   0x00000000   Code   RO         2658    .ARM.Collect$$libinit$$0000000A  c_w.l(libinit2.o)
    0x0800021a   0x0800021a   0x00000000   Code   RO         2660    .ARM.Collect$$libinit$$0000000C  c_w.l(libinit2.o)
    0x0800021a   0x0800021a   0x00000000   Code   RO         2662    .ARM.Collect$$libinit$$0000000E  c_w.l(libinit2.o)
    0x0800021a   0x0800021a   0x00000006   Code   RO         2663    .ARM.Collect$$libinit$$0000000F  c_w.l(libinit2.o)
    0x08000220   0x08000220   0x00000000   Code   RO         2665    .ARM.Collect$$libinit$$00000011  c_w.l(libinit2.o)
    0x08000220   0x08000220   0x00000000   Code   RO         2667    .ARM.Collect$$libinit$$00000013  c_w.l(libinit2.o)
    0x08000220   0x08000220   0x00000000   Code   RO         2669    .ARM.Collect$$libinit$$00000015  c_w.l(libinit2.o)
    0x08000220   0x08000220   0x0000000a   Code   RO         2670    .ARM.Collect$$libinit$$00000016  c_w.l(libinit2.o)
    0x0800022a   0x0800022a   0x00000000   Code   RO         2671    .ARM.Collect$$libinit$$00000017  c_w.l(libinit2.o)
    0x0800022a   0x0800022a   0x00000000   Code   RO         2673    .ARM.Collect$$libinit$$00000019  c_w.l(libinit2.o)
    0x0800022a   0x0800022a   0x00000000   Code   RO         2675    .ARM.Collect$$libinit$$0000001B  c_w.l(libinit2.o)
    0x0800022a   0x0800022a   0x00000000   Code   RO         2677    .ARM.Collect$$libinit$$0000001D  c_w.l(libinit2.o)
    0x0800022a   0x0800022a   0x00000000   Code   RO         2679    .ARM.Collect$$libinit$$0000001F  c_w.l(libinit2.o)
    0x0800022a   0x0800022a   0x00000000   Code   RO         2681    .ARM.Collect$$libinit$$00000021  c_w.l(libinit2.o)
    0x0800022a   0x0800022a   0x00000000   Code   RO         2683    .ARM.Collect$$libinit$$00000023  c_w.l(libinit2.o)
    0x0800022a   0x0800022a   0x00000004   Code   RO         2684    .ARM.Collect$$libinit$$00000024  c_w.l(libinit2.o)
    0x0800022e   0x0800022e   0x00000000   Code   RO         2685    .ARM.Collect$$libinit$$00000025  c_w.l(libinit2.o)
    0x0800022e   0x0800022e   0x00000000   Code   RO         2689    .ARM.Collect$$libinit$$0000002C  c_w.l(libinit2.o)
    0x0800022e   0x0800022e   0x00000000   Code   RO         2691    .ARM.Collect$$libinit$$0000002E  c_w.l(libinit2.o)
    0x0800022e   0x0800022e   0x00000000   Code   RO         2693    .ARM.Collect$$libinit$$00000030  c_w.l(libinit2.o)
    0x0800022e   0x0800022e   0x00000000   Code   RO         2695    .ARM.Collect$$libinit$$00000032  c_w.l(libinit2.o)
    0x0800022e   0x0800022e   0x00000002   Code   RO         2696    .ARM.Collect$$libinit$$00000033  c_w.l(libinit2.o)
    0x08000230   0x08000230   0x00000002   Code   RO         2835    .ARM.Collect$$libshutdown$$00000000  c_w.l(libshutdown.o)
    0x08000232   0x08000232   0x00000000   Code   RO         2698    .ARM.Collect$$libshutdown$$00000002  c_w.l(libshutdown2.o)
    0x08000232   0x08000232   0x00000004   Code   RO         2699    .ARM.Collect$$libshutdown$$00000003  c_w.l(libshutdown2.o)
    0x08000236   0x08000236   0x00000000   Code   RO         2700    .ARM.Collect$$libshutdown$$00000004  c_w.l(libshutdown2.o)
    0x08000236   0x08000236   0x00000000   Code   RO         2703    .ARM.Collect$$libshutdown$$00000007  c_w.l(libshutdown2.o)
    0x08000236   0x08000236   0x00000000   Code   RO         2706    .ARM.Collect$$libshutdown$$0000000A  c_w.l(libshutdown2.o)
    0x08000236   0x08000236   0x00000000   Code   RO         2708    .ARM.Collect$$libshutdown$$0000000C  c_w.l(libshutdown2.o)
    0x08000236   0x08000236   0x00000000   Code   RO         2711    .ARM.Collect$$libshutdown$$0000000F  c_w.l(libshutdown2.o)
    0x08000236   0x08000236   0x00000002   Code   RO         2712    .ARM.Collect$$libshutdown$$00000010  c_w.l(libshutdown2.o)
    0x08000238   0x08000238   0x00000000   Code   RO         2425    .ARM.Collect$$rtentry$$00000000  c_w.l(__rtentry.o)
    0x08000238   0x08000238   0x00000000   Code   RO         2478    .ARM.Collect$$rtentry$$00000002  c_w.l(__rtentry2.o)
    0x08000238   0x08000238   0x00000006   Code   RO         2490    .ARM.Collect$$rtentry$$00000004  c_w.l(__rtentry4.o)
    0x0800023e   0x0800023e   0x00000000   Code   RO         2480    .ARM.Collect$$rtentry$$00000009  c_w.l(__rtentry2.o)
    0x0800023e   0x0800023e   0x00000004   Code   RO         2481    .ARM.Collect$$rtentry$$0000000A  c_w.l(__rtentry2.o)
    0x08000242   0x08000242   0x00000000   Code   RO         2483    .ARM.Collect$$rtentry$$0000000C  c_w.l(__rtentry2.o)
    0x08000242   0x08000242   0x00000008   Code   RO         2484    .ARM.Collect$$rtentry$$0000000D  c_w.l(__rtentry2.o)
    0x0800024a   0x0800024a   0x00000002   Code   RO         2715    .ARM.Collect$$rtexit$$00000000  c_w.l(rtexit.o)
    0x0800024c   0x0800024c   0x00000000   Code   RO         2773    .ARM.Collect$$rtexit$$00000002  c_w.l(rtexit2.o)
    0x0800024c   0x0800024c   0x00000004   Code   RO         2774    .ARM.Collect$$rtexit$$00000003  c_w.l(rtexit2.o)
    0x08000250   0x08000250   0x00000006   Code   RO         2775    .ARM.Collect$$rtexit$$00000004  c_w.l(rtexit2.o)
    0x08000256   0x08000256   0x00000002   PAD
    0x08000258   0x08000258   0x00000000   Code   RO         2779    .emb_text           c_w.l(maybetermalloc1.o)
    0x08000258   0x08000258   0x00000040   Code   RO         2301    .text               startup_stm32f407xx.o
    0x08000298   0x08000298   0x000000ee   Code   RO         2344    .text               c_w.l(lludivv7m.o)
    0x08000386   0x08000386   0x00000002   PAD
    0x08000388   0x08000388   0x00000018   Code   RO         2348    .text               c_w.l(noretval__2printf.o)
    0x080003a0   0x080003a0   0x00000068   Code   RO         2350    .text               c_w.l(__printf.o)
    0x08000408   0x08000408   0x00000078   Code   RO         2352    .text               c_w.l(_printf_dec.o)
    0x08000480   0x08000480   0x00000080   Code   RO         2377    .text               c_w.l(strcmpv7m.o)
    0x08000500   0x08000500   0x00000006   Code   RO         2379    .text               c_w.l(heapauxi.o)
    0x08000506   0x08000506   0x00000016   Code   RO         2430    .text               c_w.l(_rserrno.o)
    0x0800051c   0x0800051c   0x000000b2   Code   RO         2432    .text               c_w.l(_printf_intcommon.o)
    0x080005ce   0x080005ce   0x0000041e   Code   RO         2434    .text               c_w.l(_printf_fp_dec.o)
    0x080009ec   0x080009ec   0x00000024   Code   RO         2436    .text               c_w.l(_printf_char_file.o)
    0x08000a10   0x08000a10   0x00000008   Code   RO         2497    .text               c_w.l(rt_locale_intlibspace.o)
    0x08000a18   0x08000a18   0x00000008   Code   RO         2502    .text               c_w.l(rt_errno_addr_intlibspace.o)
    0x08000a20   0x08000a20   0x0000008a   Code   RO         2504    .text               c_w.l(lludiv10.o)
    0x08000aaa   0x08000aaa   0x00000002   PAD
    0x08000aac   0x08000aac   0x00000030   Code   RO         2506    .text               c_w.l(_printf_char_common.o)
    0x08000adc   0x08000adc   0x00000080   Code   RO         2508    .text               c_w.l(_printf_fp_infnan.o)
    0x08000b5c   0x08000b5c   0x000000e4   Code   RO         2510    .text               c_w.l(bigflt0.o)
    0x08000c40   0x08000c40   0x00000008   Code   RO         2535    .text               c_w.l(ferror.o)
    0x08000c48   0x08000c48   0x00000138   Code   RO         2541    .text               c_w.l(initio.o)
    0x08000d80   0x08000d80   0x00000008   Code   RO         2556    .text               c_w.l(libspace.o)
    0x08000d88   0x08000d88   0x0000004a   Code   RO         2561    .text               c_w.l(sys_stackheap_outer.o)
    0x08000dd2   0x08000dd2   0x0000004e   Code   RO         2565    .text               c_w.l(h1_free.o)
    0x08000e20   0x08000e20   0x000001d6   Code   RO         2621    .text               c_w.l(flsbuf.o)
    0x08000ff6   0x08000ff6   0x00000046   Code   RO         2623    .text               c_w.l(setvbuf.o)
    0x0800103c   0x0800103c   0x000000ec   Code   RO         2626    .text               c_w.l(fopen.o)
    0x08001128   0x08001128   0x0000004c   Code   RO         2628    .text               c_w.l(fclose.o)
    0x08001174   0x08001174   0x00000012   Code   RO         2634    .text               c_w.l(exit.o)
    0x08001186   0x08001186   0x0000000e   Code   RO         2640    .text               c_w.l(defsig_rtred_outer.o)
    0x08001194   0x08001194   0x0000004e   Code   RO         2644    .text               c_w.l(rt_memclr_w.o)
    0x080011e2   0x080011e2   0x00000002   PAD
    0x080011e4   0x080011e4   0x00000008   Code   RO         2722    .text               c_w.l(rt_heap_descriptor_intlibspace.o)
    0x080011ec   0x080011ec   0x00000004   Code   RO         2724    .text               c_w.l(hguard.o)
    0x080011f0   0x080011f0   0x0000008a   Code   RO         2726    .text               c_w.l(init_alloc.o)
    0x0800127a   0x0800127a   0x0000005e   Code   RO         2732    .text               c_w.l(h1_alloc.o)
    0x080012d8   0x080012d8   0x000000f8   Code   RO         2748    .text               c_w.l(fseek.o)
    0x080013d0   0x080013d0   0x000000f0   Code   RO         2750    .text               c_w.l(stdio.o)
    0x080014c0   0x080014c0   0x0000000a   Code   RO         2756    .text               c_w.l(defsig_exit.o)
    0x080014ca   0x080014ca   0x00000002   PAD
    0x080014cc   0x080014cc   0x00000034   Code   RO         2760    .text               c_w.l(defsig_rtred_inner.o)
    0x08001500   0x08001500   0x0000000c   Code   RO         2770    .text               c_w.l(sys_exit.o)
    0x0800150c   0x0800150c   0x0000000e   Code   RO         2781    .text               c_w.l(h1_init.o)
    0x0800151a   0x0800151a   0x00000034   Code   RO         2783    .text               c_w.l(h1_extend.o)
    0x0800154e   0x0800154e   0x00000042   Code   RO         2793    .text               c_w.l(ftell.o)
    0x08001590   0x08001590   0x00000032   Code   RO         2801    .text               c_w.l(defsig_general.o)
    0x080015c2   0x080015c2   0x0000000e   Code   RO         2803    .text               c_w.l(defsig_rtmem_outer.o)
    0x080015d0   0x080015d0   0x0000000e   Code   RO         2818    .text               c_w.l(sys_wrch.o)
    0x080015de   0x080015de   0x00000002   Code   RO         2822    .text               c_w.l(use_no_semi.o)
    0x080015e0   0x080015e0   0x00000000   Code   RO         2824    .text               c_w.l(indicate_semi.o)
    0x080015e0   0x080015e0   0x00000050   Code   RO         2829    .text               c_w.l(defsig_rtmem_inner.o)
    0x08001630   0x08001630   0x0000003e   Code   RO         2513    CL$$btod_d2e        c_w.l(btod.o)
    0x0800166e   0x0800166e   0x00000046   Code   RO         2515    CL$$btod_d2e_denorm_low  c_w.l(btod.o)
    0x080016b4   0x080016b4   0x00000060   Code   RO         2514    CL$$btod_d2e_norm_op1  c_w.l(btod.o)
    0x08001714   0x08001714   0x00000338   Code   RO         2523    CL$$btod_div_common  c_w.l(btod.o)
    0x08001a4c   0x08001a4c   0x000000dc   Code   RO         2520    CL$$btod_e2e        c_w.l(btod.o)
    0x08001b28   0x08001b28   0x0000002a   Code   RO         2517    CL$$btod_ediv       c_w.l(btod.o)
    0x08001b52   0x08001b52   0x0000002a   Code   RO         2516    CL$$btod_emul       c_w.l(btod.o)
    0x08001b7c   0x08001b7c   0x00000244   Code   RO         2522    CL$$btod_mult_common  c_w.l(btod.o)
    0x08001dc0   0x08001dc0   0x0000003c   Code   RO          192    i.ADC_GetVal        adc.o
    0x08001dfc   0x08001dfc   0x00000080   Code   RO          193    i.ADC_Init          adc.o
    0x08001e7c   0x08001e7c   0x00000018   Code   RO          194    i.ADC_StartCnv      adc.o
    0x08001e94   0x08001e94   0x00000040   Code   RO            4    i.Basic_Timer_Init  blinky_timer_interrupt.o
    0x08001ed4   0x08001ed4   0x00000018   Code   RO            5    i.Delay             blinky_timer_interrupt.o
    0x08001eec   0x08001eec   0x0000000c   Code   RO          334    i.HAL_GetTick       stm32f4xx_hal.o
    0x08001ef8   0x08001ef8   0x0000003c   Code   RO          339    i.HAL_Init          stm32f4xx_hal.o
    0x08001f34   0x08001f34   0x0000004c   Code   RO          340    i.HAL_InitTick      stm32f4xx_hal.o
    0x08001f80   0x08001f80   0x00000002   Code   RO          342    i.HAL_MspInit       stm32f4xx_hal.o
    0x08001f82   0x08001f82   0x00000020   Code   RO          497    i.HAL_NVIC_EnableIRQ  stm32f4xx_hal_cortex.o
    0x08001fa2   0x08001fa2   0x0000007c   Code   RO          503    i.HAL_NVIC_SetPriority  stm32f4xx_hal_cortex.o
    0x0800201e   0x0800201e   0x00000002   PAD
    0x08002020   0x08002020   0x00000028   Code   RO          504    i.HAL_NVIC_SetPriorityGrouping  stm32f4xx_hal_cortex.o
    0x08002048   0x08002048   0x00000180   Code   RO         1020    i.HAL_RCC_ClockConfig  stm32f4xx_hal_rcc.o
    0x080021c8   0x080021c8   0x000000b0   Code   RO         1029    i.HAL_RCC_GetSysClockFreq  stm32f4xx_hal_rcc.o
    0x08002278   0x08002278   0x00000448   Code   RO         1032    i.HAL_RCC_OscConfig  stm32f4xx_hal_rcc.o
    0x080026c0   0x080026c0   0x00000034   Code   RO          508    i.HAL_SYSTICK_Config  stm32f4xx_hal_cortex.o
    0x080026f4   0x080026f4   0x00000034   Code   RO         1297    i.HAL_TIM_Base_Init  stm32f4xx_hal_tim.o
    0x08002728   0x08002728   0x00000002   Code   RO         1299    i.HAL_TIM_Base_MspInit  stm32f4xx_hal_tim.o
    0x0800272a   0x0800272a   0x0000001e   Code   RO         1302    i.HAL_TIM_Base_Start_IT  stm32f4xx_hal_tim.o
    0x08002748   0x08002748   0x00000030   Code   RO          229    i.ITM_SendChar      retarget_io.o
    0x08002778   0x08002778   0x00000118   Code   RO            7    i.LED_Init_1        blinky_timer_interrupt.o
    0x08002890   0x08002890   0x00000010   Code   RO            8    i.Soft_Delay        blinky_timer_interrupt.o
    0x080028a0   0x080028a0   0x00000010   Code   RO            9    i.SysTick_Handler   blinky_timer_interrupt.o
    0x080028b0   0x080028b0   0x00000098   Code   RO           10    i.SystemClock_Config  blinky_timer_interrupt.o
    0x08002948   0x08002948   0x000000c0   Code   RO         2308    i.SystemCoreClockUpdate  system_stm32f4xx.o
    0x08002a08   0x08002a08   0x00000064   Code   RO         2309    i.SystemInit        system_stm32f4xx.o
    0x08002a6c   0x08002a6c   0x0000003c   Code   RO           11    i.TIM2_IRQHandler   blinky_timer_interrupt.o
    0x08002aa8   0x08002aa8   0x000000e4   Code   RO         1381    i.TIM_Base_SetConfig  stm32f4xx_hal_tim.o
    0x08002b8c   0x08002b8c   0x00000064   Code   RO           12    i.Timer_Interrupt_Init  blinky_timer_interrupt.o
    0x08002bf0   0x08002bf0   0x00000030   Code   RO         2554    i.__ARM_fpclassify  m_wm.l(fpclassify.o)
    0x08002c20   0x08002c20   0x00000010   Code   RO          510    i.__NVIC_GetPriorityGrouping  stm32f4xx_hal_cortex.o
    0x08002c30   0x08002c30   0x00000028   Code   RO          511    i.__NVIC_SetPriority  stm32f4xx_hal_cortex.o
    0x08002c58   0x08002c58   0x000003c4   Code   RO         2411    i.__hardfp_log      m_wm.l(log.o)
    0x0800301c   0x0800301c   0x000000f8   Code   RO         2474    i.__kernel_poly     m_wm.l(poly.o)
    0x08003114   0x08003114   0x00000004   PAD
    0x08003118   0x08003118   0x00000030   Code   RO         2460    i.__mathlib_dbl_divzero  m_wm.l(dunder.o)
    0x08003148   0x08003148   0x00000014   Code   RO         2461    i.__mathlib_dbl_infnan  m_wm.l(dunder.o)
    0x0800315c   0x0800315c   0x00000004   PAD
    0x08003160   0x08003160   0x00000020   Code   RO         2463    i.__mathlib_dbl_invalid  m_wm.l(dunder.o)
    0x08003180   0x08003180   0x00000026   Code   RO          230    i._sys_close        retarget_io.o
    0x080031a6   0x080031a6   0x00000024   Code   RO          231    i._sys_flen         retarget_io.o
    0x080031ca   0x080031ca   0x00000024   Code   RO          232    i._sys_istty        retarget_io.o
    0x080031ee   0x080031ee   0x00000002   PAD
    0x080031f0   0x080031f0   0x00000068   Code   RO          233    i._sys_open         retarget_io.o
    0x08003258   0x08003258   0x0000002c   Code   RO          235    i._sys_seek         retarget_io.o
    0x08003284   0x08003284   0x00000046   Code   RO          236    i._sys_write        retarget_io.o
    0x080032ca   0x080032ca   0x0000001a   Code   RO         2538    i.fputc             c_w.l(fputc.o)
    0x080032e4   0x080032e4   0x00000414   Code   RO           13    i.main              blinky_timer_interrupt.o
    0x080036f8   0x080036f8   0x0000000c   Code   RO          238    i.stdout_putchar    retarget_io.o
    0x08003704   0x08003704   0x0000002c   Code   RO         2550    locale$$code        c_w.l(lc_numeric_c.o)
    0x08003730   0x08003730   0x00000018   Code   RO         2445    x$fpl$basic         fz_wm.l(basic.o)
    0x08003748   0x08003748   0x00000062   Code   RO         2383    x$fpl$d2f           fz_wm.l(d2f.o)
    0x080037aa   0x080037aa   0x00000002   PAD
    0x080037ac   0x080037ac   0x00000150   Code   RO         2385    x$fpl$dadd          fz_wm.l(daddsub_clz.o)
    0x080038fc   0x080038fc   0x00000018   Code   RO         2447    x$fpl$dcmpinf       fz_wm.l(dcmpi.o)
    0x08003914   0x08003914   0x000002b0   Code   RO         2392    x$fpl$ddiv          fz_wm.l(ddiv.o)
    0x08003bc4   0x08003bc4   0x00000078   Code   RO         2449    x$fpl$deqf          fz_wm.l(deqf.o)
    0x08003c3c   0x08003c3c   0x0000002e   Code   RO         2396    x$fpl$dflt          fz_wm.l(dflt_clz.o)
    0x08003c6a   0x08003c6a   0x00000026   Code   RO         2395    x$fpl$dfltu         fz_wm.l(dflt_clz.o)
    0x08003c90   0x08003c90   0x00000078   Code   RO         2401    x$fpl$dleqf         fz_wm.l(dleqf.o)
    0x08003d08   0x08003d08   0x00000154   Code   RO         2403    x$fpl$dmul          fz_wm.l(dmul.o)
    0x08003e5c   0x08003e5c   0x0000009c   Code   RO         2451    x$fpl$dnaninf       fz_wm.l(dnaninf.o)
    0x08003ef8   0x08003ef8   0x0000000c   Code   RO         2453    x$fpl$dretinf       fz_wm.l(dretinf.o)
    0x08003f04   0x08003f04   0x0000006c   Code   RO         2405    x$fpl$drleqf        fz_wm.l(drleqf.o)
    0x08003f70   0x08003f70   0x00000016   Code   RO         2386    x$fpl$drsb          fz_wm.l(daddsub_clz.o)
    0x08003f86   0x08003f86   0x00000002   PAD
    0x08003f88   0x08003f88   0x000001d4   Code   RO         2387    x$fpl$dsub          fz_wm.l(daddsub_clz.o)
    0x0800415c   0x0800415c   0x00000056   Code   RO         2407    x$fpl$f2d           fz_wm.l(f2d.o)
    0x080041b2   0x080041b2   0x0000008c   Code   RO         2455    x$fpl$fnaninf       fz_wm.l(fnaninf.o)
    0x0800423e   0x0800423e   0x0000000a   Code   RO         2768    x$fpl$fpinit        fz_wm.l(fpinit.o)
    0x08004248   0x08004248   0x0000000a   Code   RO         2457    x$fpl$fretinf       fz_wm.l(fretinf.o)
    0x08004252   0x08004252   0x00000004   Code   RO         2409    x$fpl$printf1       fz_wm.l(printf1.o)
    0x08004256   0x08004256   0x00000000   Code   RO         2459    x$fpl$usenofp       fz_wm.l(usenofp.o)
    0x08004256   0x08004256   0x00000017   Data   RO          239    .constdata          retarget_io.o
    0x0800426d   0x0800426d   0x00000018   Data   RO         2310    .constdata          system_stm32f4xx.o
    0x08004285   0x08004285   0x00000003   PAD
    0x08004288   0x08004288   0x00000038   Data   RO         2414    .constdata          m_wm.l(log.o)
    0x080042c0   0x080042c0   0x00000008   Data   RO         2476    .constdata          m_wm.l(qnan.o)
    0x080042c8   0x080042c8   0x00000094   Data   RO         2511    .constdata          c_w.l(bigflt0.o)
    0x0800435c   0x0800435c   0x00000020   Data   RO         2852    Region$$Table       anon$$obj.o
    0x0800437c   0x0800437c   0x0000001c   Data   RO         2549    locale$$data        c_w.l(lc_numeric_c.o)


    Execution Region RW_IRAM1 (Exec base: 0x20000000, Load base: 0x08004398, Size: 0x000007c0, Max: 0x00020000, ABSOLUTE)

    Exec Addr    Load Addr    Size         Type   Attr      Idx    E Section Name        Object

    0x20000000   0x08004398   0x00000008   Data   RW           15    .data               blinky_timer_interrupt.o
    0x20000008   0x080043a0   0x00000009   Data   RW          346    .data               stm32f4xx_hal.o
    0x20000011   0x080043a9   0x00000003   PAD
    0x20000014   0x080043ac   0x00000004   Data   RW         2311    .data               system_stm32f4xx.o
    0x20000018   0x080043b0   0x00000004   Data   RW         2442    .data               c_w.l(stdio_streams.o)
    0x2000001c   0x080043b4   0x00000004   Data   RW         2443    .data               c_w.l(stdio_streams.o)
    0x20000020   0x080043b8   0x00000004   Data   RW         2444    .data               c_w.l(stdio_streams.o)
    0x20000024        -       0x0000003c   Zero   RW           14    .bss                blinky_timer_interrupt.o
    0x20000060        -       0x00000054   Zero   RW         2439    .bss                c_w.l(stdio_streams.o)
    0x200000b4        -       0x00000054   Zero   RW         2440    .bss                c_w.l(stdio_streams.o)
    0x20000108        -       0x00000054   Zero   RW         2441    .bss                c_w.l(stdio_streams.o)
    0x2000015c        -       0x00000060   Zero   RW         2557    .bss                c_w.l(libspace.o)
    0x200001bc   0x080043bc   0x00000004   PAD
    0x200001c0        -       0x00000200   Zero   RW         2299    HEAP                startup_stm32f407xx.o
    0x200003c0        -       0x00000400   Zero   RW         2298    STACK               startup_stm32f407xx.o


==============================================================================

Image component sizes


      Code (inc. data)   RO Data    RW Data    ZI Data      Debug   Object Name

       212         40          0          0          0       3007   adc.o
      1756        294          0          8         60     671413   blinky_timer_interrupt.o
       388         30         23          0          0       7298   retarget_io.o
        64         26        392          0       1536        944   startup_stm32f407xx.o
       150         24          0          9          0       4485   stm32f4xx_hal.o
       304         22          0          0          0      35175   stm32f4xx_hal_cortex.o
      1656         58          0          0          0       4256   stm32f4xx_hal_rcc.o
       312         44          0          0          0       3600   stm32f4xx_hal_tim.o
       292         40         24          4          0       2399   system_stm32f4xx.o

    ----------------------------------------------------------------------
      5138        578        474         24       1596     732577   Object Totals
         0          0         32          0          0          0   (incl. Generated)
         4          0          3          3          0          0   (incl. Padding)

    ----------------------------------------------------------------------

      Code (inc. data)   RO Data    RW Data    ZI Data      Debug   Library Member Name

         8          0          0          0          0         68   __main.o
       104          0          0          0          0         84   __printf.o
         0          0          0          0          0          0   __rtentry.o
        12          0          0          0          0          0   __rtentry2.o
         6          0          0          0          0          0   __rtentry4.o
        52          8          0          0          0          0   __scatter.o
        26          0          0          0          0          0   __scatter_copy.o
        28          0          0          0          0          0   __scatter_zi.o
        48          6          0          0          0         96   _printf_char_common.o
        36          4          0          0          0         80   _printf_char_file.o
         6          0          0          0          0          0   _printf_d.o
       120         16          0          0          0         92   _printf_dec.o
         6          0          0          0          0          0   _printf_f.o
      1054          0          0          0          0        216   _printf_fp_dec.o
       128         16          0          0          0         84   _printf_fp_infnan.o
       178          0          0          0          0         88   _printf_intcommon.o
         0          0          0          0          0          0   _printf_percent.o
         4          0          0          0          0          0   _printf_percent_end.o
        22          0          0          0          0        100   _rserrno.o
       228          4        148          0          0         96   bigflt0.o
      1936        128          0          0          0        672   btod.o
        10          0          0          0          0         68   defsig_exit.o
        50          0          0          0          0         88   defsig_general.o
        80         58          0          0          0         76   defsig_rtmem_inner.o
        14          0          0          0          0         80   defsig_rtmem_outer.o
        52         38          0          0          0         76   defsig_rtred_inner.o
        14          0          0          0          0         80   defsig_rtred_outer.o
        18          0          0          0          0         80   exit.o
        76          0          0          0          0         88   fclose.o
         8          0          0          0          0         68   ferror.o
       470          0          0          0          0         88   flsbuf.o
       236          4          0          0          0        128   fopen.o
        26          0          0          0          0         68   fputc.o
       248          6          0          0          0         84   fseek.o
        66          0          0          0          0         76   ftell.o
        94          0          0          0          0         80   h1_alloc.o
        52          0          0          0          0         68   h1_extend.o
        78          0          0          0          0         80   h1_free.o
        14          0          0          0          0         84   h1_init.o
         6          0          0          0          0        152   heapauxi.o
         4          0          0          0          0        136   hguard.o
         0          0          0          0          0          0   indicate_semi.o
       138          0          0          0          0        168   init_alloc.o
       312         46          0          0          0        112   initio.o
        44         10         28          0          0         76   lc_numeric_c.o
         2          0          0          0          0          0   libinit.o
        34          0          0          0          0          0   libinit2.o
         2          0          0          0          0          0   libshutdown.o
         6          0          0          0          0          0   libshutdown2.o
         8          4          0          0         96         68   libspace.o
       138          0          0          0          0         80   lludiv10.o
       238          0          0          0          0        100   lludivv7m.o
         0          0          0          0          0          0   maybetermalloc1.o
        24          4          0          0          0         84   noretval__2printf.o
         8          4          0          0          0         68   rt_errno_addr_intlibspace.o
         8          4          0          0          0         68   rt_heap_descriptor_intlibspace.o
         8          4          0          0          0         68   rt_locale_intlibspace.o
        78          0          0          0          0         80   rt_memclr_w.o
         2          0          0          0          0          0   rtexit.o
        10          0          0          0          0          0   rtexit2.o
        70          0          0          0          0         80   setvbuf.o
       240          6          0          0          0        156   stdio.o
         0          0          0         12        252          0   stdio_streams.o
       128          0          0          0          0         68   strcmpv7m.o
        12          4          0          0          0         68   sys_exit.o
        74          0          0          0          0         80   sys_stackheap_outer.o
        14          0          0          0          0         76   sys_wrch.o
         2          0          0          0          0         68   use_no_semi.o
        24          0          0          0          0        164   basic.o
        98          4          0          0          0        140   d2f.o
       826         16          0          0          0        492   daddsub_clz.o
        24          0          0          0          0        116   dcmpi.o
       688        140          0          0          0        256   ddiv.o
       120          4          0          0          0        140   deqf.o
        84          0          0          0          0        232   dflt_clz.o
       120          4          0          0          0        140   dleqf.o
       340         12          0          0          0        152   dmul.o
       156          4          0          0          0        140   dnaninf.o
        12          0          0          0          0        116   dretinf.o
       108          0          0          0          0        128   drleqf.o
        86          4          0          0          0        132   f2d.o
       140          4          0          0          0        132   fnaninf.o
        10          0          0          0          0        116   fpinit.o
        10          0          0          0          0        116   fretinf.o
         4          0          0          0          0        116   printf1.o
         0          0          0          0          0          0   usenofp.o
       100         28          0          0          0        372   dunder.o
        48          0          0          0          0        124   fpclassify.o
       964         92         56          0          0        316   log.o
       248          0          0          0          0        152   poly.o
         0          0          8          0          0          0   qnan.o

    ----------------------------------------------------------------------
     11452        686        240         12        352       8784   Library Totals
        24          0          0          0          4          0   (incl. Padding)

    ----------------------------------------------------------------------

      Code (inc. data)   RO Data    RW Data    ZI Data      Debug   Library Name

      7218        374        176         12        348       4992   c_w.l
      2850        192          0          0          0       2828   fz_wm.l
      1360        120         64          0          0        964   m_wm.l

    ----------------------------------------------------------------------
     11452        686        240         12        352       8784   Library Totals

    ----------------------------------------------------------------------

==============================================================================


      Code (inc. data)   RO Data    RW Data    ZI Data      Debug   

     16590       1264        714         36       1948     732553   Grand Totals
     16590       1264        714         36       1948     732553   ELF Image Totals
     16590       1264        714         36          0          0   ROM Totals

==============================================================================

    Total RO  Size (Code + RO Data)                17304 (  16.90kB)
    Total RW  Size (RW Data + ZI Data)              1984 (   1.94kB)
    Total ROM Size (Code + RO Data + RW Data)      17340 (  16.93kB)

==============================================================================

